17:54:14 **** Build of configuration Debug for project PruebaTFG ****
make -j12 all 
arm-none-eabi-gcc "../Core/Src/main.c" -mcpu=cortex-m4 -std=gnu11 -g3 -DDEBUG -DUSE_HAL_DRIVER -DSTM32G474xx -c -I../Core/Inc -I../Drivers/STM32G4xx_HAL_Driver/Inc -I../Drivers/STM32G4xx_HAL_Driver/Inc/Legacy -I../Drivers/CMSIS/Device/ST/STM32G4xx/Include -I../Drivers/CMSIS/Include -O0 -ffunction-sections -fdata-sections -Wall -fstack-usage -fcyclomatic-complexity -MMD -MP -MF"Core/Src/main.d" -MT"Core/Src/main.o" --specs=nano.specs -mfpu=fpv4-sp-d16 -mfloat-abi=hard -mthumb -o "Core/Src/main.o"
arm-none-eabi-gcc "../Core/Src/stm32g4xx_hal_msp.c" -mcpu=cortex-m4 -std=gnu11 -g3 -DDEBUG -DUSE_HAL_DRIVER -DSTM32G474xx -c -I../Core/Inc -I../Drivers/STM32G4xx_HAL_Driver/Inc -I../Drivers/STM32G4xx_HAL_Driver/Inc/Legacy -I../Drivers/CMSIS/Device/ST/STM32G4xx/Include -I../Drivers/CMSIS/Include -O0 -ffunction-sections -fdata-sections -Wall -fstack-usage -fcyclomatic-complexity -MMD -MP -MF"Core/Src/stm32g4xx_hal_msp.d" -MT"Core/Src/stm32g4xx_hal_msp.o" --specs=nano.specs -mfpu=fpv4-sp-d16 -mfloat-abi=hard -mthumb -o "Core/Src/stm32g4xx_hal_msp.o"
../Core/Src/main.c: In function 'main':
../Core/Src/main.c:131:3: warning: implicit declaration of function 'ajustaTimers' [-Wimplicit-function-declaration]
  131 |   ajustaTimers();
      |   ^~~~~~~~~~~~
../Core/Src/main.c:132:3: warning: implicit declaration of function 'calculaLut' [-Wimplicit-function-declaration]
  132 |   calculaLut();
      |   ^~~~~~~~~~
../Core/Src/main.c: At top level:
../Core/Src/main.c:603:6: warning: conflicting types for 'calculaLut'; have 'void(void)'
  603 | void calculaLut(void){
      |      ^~~~~~~~~~
../Core/Src/main.c:132:3: note: previous implicit declaration of 'calculaLut' with type 'void(void)'
  132 |   calculaLut();
      |   ^~~~~~~~~~
../Core/Src/main.c:613:6: warning: conflicting types for 'ajustaTimers'; have 'void(void)'
  613 | void ajustaTimers(void){
      |      ^~~~~~~~~~~~
../Core/Src/main.c:131:3: note: previous implicit declaration of 'ajustaTimers' with type 'void(void)'
  131 |   ajustaTimers();
      |   ^~~~~~~~~~~~
arm-none-eabi-gcc -o "PruebaTFG.elf" @"objects.list"   -mcpu=cortex-m4 -T"C:\Users\salva\Desktop\GitTFG\workspace\PruebaTFG\STM32G474RETX_FLASH.ld" --specs=nosys.specs -Wl,-Map="PruebaTFG.map" -Wl,--gc-sections -static --specs=nano.specs -mfpu=fpv4-sp-d16 -mfloat-abi=hard -mthumb -Wl,--start-group -lc -lm -Wl,--end-group
Finished building target: PruebaTFG.elf
 
arm-none-eabi-size   PruebaTFG.elf 
arm-none-eabi-objdump -h -S  PruebaTFG.elf  > "PruebaTFG.list"
   text	   data	    bss	    dec	    hex	filename
  29368	     32	  10600	  40000	   9c40	PruebaTFG.elf
Finished building: default.size.stdout
 
Finished building: PruebaTFG.list
 
17:54:45 **** Incremental Build of configuration Debug for project PruebaTFG ****
make -j12 all 
arm-none-eabi-size   PruebaTFG.elf 
   text	   data	    bss	    dec	    hex	filename
  29368	     32	  10600	  40000	   9c40	PruebaTFG.elf
Finished building: default.size.stdout
 
17:58:32 **** Incremental Build of configuration Debug for project PruebaTFG ****
make -j12 all 
arm-none-eabi-size   PruebaTFG.elf 
   text	   data	    bss	    dec	    hex	filename
  29368	     32	  10600	  40000	   9c40	PruebaTFG.elf
Finished building: default.size.stdout
 
18:25:53 **** Incremental Build of configuration Debug for project PruebaTFG ****
make -j12 all 
arm-none-eabi-gcc "../Core/Src/main.c" -mcpu=cortex-m4 -std=gnu11 -g3 -DDEBUG -DUSE_HAL_DRIVER -DSTM32G474xx -c -I../Core/Inc -I../Drivers/STM32G4xx_HAL_Driver/Inc -I../Drivers/STM32G4xx_HAL_Driver/Inc/Legacy -I../Drivers/CMSIS/Device/ST/STM32G4xx/Include -I../Drivers/CMSIS/Include -O0 -ffunction-sections -fdata-sections -Wall -fstack-usage -fcyclomatic-complexity -MMD -MP -MF"Core/Src/main.d" -MT"Core/Src/main.o" --specs=nano.specs -mfpu=fpv4-sp-d16 -mfloat-abi=hard -mthumb -o "Core/Src/main.o"
../Core/Src/main.c: In function 'main':
../Core/Src/main.c:131:3: warning: implicit declaration of function 'ajustaTimers' [-Wimplicit-function-declaration]
  131 |   ajustaTimers();
      |   ^~~~~~~~~~~~
../Core/Src/main.c:132:3: warning: implicit declaration of function 'calculaLut' [-Wimplicit-function-declaration]
  132 |   calculaLut();
      |   ^~~~~~~~~~
../Core/Src/main.c: At top level:
../Core/Src/main.c:603:6: warning: conflicting types for 'calculaLut'; have 'void(void)'
  603 | void calculaLut(void){
      |      ^~~~~~~~~~
../Core/Src/main.c:132:3: note: previous implicit declaration of 'calculaLut' with type 'void(void)'
  132 |   calculaLut();
      |   ^~~~~~~~~~
../Core/Src/main.c:613:6: warning: conflicting types for 'ajustaTimers'; have 'void(void)'
  613 | void ajustaTimers(void){
      |      ^~~~~~~~~~~~
../Core/Src/main.c:131:3: note: previous implicit declaration of 'ajustaTimers' with type 'void(void)'
  131 |   ajustaTimers();
      |   ^~~~~~~~~~~~
arm-none-eabi-gcc -o "PruebaTFG.elf" @"objects.list"   -mcpu=cortex-m4 -T"C:\Users\salva\Desktop\GitTFG\workspace\PruebaTFG\STM32G474RETX_FLASH.ld" --specs=nosys.specs -Wl,-Map="PruebaTFG.map" -Wl,--gc-sections -static --specs=nano.specs -mfpu=fpv4-sp-d16 -mfloat-abi=hard -mthumb -Wl,--start-group -lc -lm -Wl,--end-group
Finished building target: PruebaTFG.elf
 
arm-none-eabi-size   PruebaTFG.elf 
arm-none-eabi-objdump -h -S  PruebaTFG.elf  > "PruebaTFG.list"
   text	   data	    bss	    dec	    hex	filename
  29368	     32	  10600	  40000	   9c40	PruebaTFG.elf
Finished building: default.size.stdout
 
Finished building: PruebaTFG.list
 
18:41:14 **** Incremental Build of configuration Debug for project PruebaTFG ****
make -j12 all 
arm-none-eabi-gcc "../Core/Src/main.c" -mcpu=cortex-m4 -std=gnu11 -g3 -DDEBUG -DUSE_HAL_DRIVER -DSTM32G474xx -c -I../Core/Inc -I../Drivers/STM32G4xx_HAL_Driver/Inc -I../Drivers/STM32G4xx_HAL_Driver/Inc/Legacy -I../Drivers/CMSIS/Device/ST/STM32G4xx/Include -I../Drivers/CMSIS/Include -O0 -ffunction-sections -fdata-sections -Wall -fstack-usage -fcyclomatic-complexity -MMD -MP -MF"Core/Src/main.d" -MT"Core/Src/main.o" --specs=nano.specs -mfpu=fpv4-sp-d16 -mfloat-abi=hard -mthumb -o "Core/Src/main.o"
../Core/Src/main.c: In function 'main':
../Core/Src/main.c:131:3: warning: implicit declaration of function 'ajustaTimers' [-Wimplicit-function-declaration]
  131 |   ajustaTimers();
      |   ^~~~~~~~~~~~
../Core/Src/main.c:132:3: warning: implicit declaration of function 'calculaLut' [-Wimplicit-function-declaration]
  132 |   calculaLut();
      |   ^~~~~~~~~~
../Core/Src/main.c: At top level:
../Core/Src/main.c:603:6: warning: conflicting types for 'calculaLut'; have 'void(void)'
  603 | void calculaLut(void){
      |      ^~~~~~~~~~
../Core/Src/main.c:132:3: note: previous implicit declaration of 'calculaLut' with type 'void(void)'
  132 |   calculaLut();
      |   ^~~~~~~~~~
../Core/Src/main.c:613:6: warning: conflicting types for 'ajustaTimers'; have 'void(void)'
  613 | void ajustaTimers(void){
      |      ^~~~~~~~~~~~
../Core/Src/main.c:131:3: note: previous implicit declaration of 'ajustaTimers' with type 'void(void)'
  131 |   ajustaTimers();
      |   ^~~~~~~~~~~~
arm-none-eabi-gcc -o "PruebaTFG.elf" @"objects.list"   -mcpu=cortex-m4 -T"C:\Users\salva\Desktop\GitTFG\workspace\PruebaTFG\STM32G474RETX_FLASH.ld" --specs=nosys.specs -Wl,-Map="PruebaTFG.map" -Wl,--gc-sections -static --specs=nano.specs -mfpu=fpv4-sp-d16 -mfloat-abi=hard -mthumb -Wl,--start-group -lc -lm -Wl,--end-group
Finished building target: PruebaTFG.elf
 
arm-none-eabi-size   PruebaTFG.elf 
arm-none-eabi-objdump -h -S  PruebaTFG.elf  > "PruebaTFG.list"
   text	   data	    bss	    dec	    hex	filename
  29368	     32	  10600	  40000	   9c40	PruebaTFG.elf
Finished building: default.size.stdout
 
Finished building: PruebaTFG.list
 
