12:56:19 **** Incremental Build of configuration Debug for project PruebaTFG ****
make -j12 all 
arm-none-eabi-size   PruebaTFG.elf 
   text	   data	    bss	    dec	    hex	filename
  28784	     32	  10544	  39360	   99c0	PruebaTFG.elf
Finished building: default.size.stdout
 
12:56:22 **** Incremental Build of configuration Debug for project PruebaTFG ****
make -j12 all 
arm-none-eabi-size   PruebaTFG.elf 
   text	   data	    bss	    dec	    hex	filename
  28784	     32	  10544	  39360	   99c0	PruebaTFG.elf
Finished building: default.size.stdout
 
12:59:23 **** Incremental Build of configuration Debug for project PruebaTFG ****
make -j12 all 
arm-none-eabi-gcc "../Core/Src/main.c" -mcpu=cortex-m4 -std=gnu11 -g3 -DDEBUG -DUSE_HAL_DRIVER -DSTM32G474xx -c -I../Core/Inc -I../Drivers/STM32G4xx_HAL_Driver/Inc -I../Drivers/STM32G4xx_HAL_Driver/Inc/Legacy -I../Drivers/CMSIS/Device/ST/STM32G4xx/Include -I../Drivers/CMSIS/Include -O0 -ffunction-sections -fdata-sections -Wall -fstack-usage -fcyclomatic-complexity -MMD -MP -MF"Core/Src/main.d" -MT"Core/Src/main.o" --specs=nano.specs -mfpu=fpv4-sp-d16 -mfloat-abi=hard -mthumb -o "Core/Src/main.o"
../Core/Src/main.c: In function 'main':
../Core/Src/main.c:128:3: warning: implicit declaration of function 'ajustaTimers' [-Wimplicit-function-declaration]
  128 |   ajustaTimers();
      |   ^~~~~~~~~~~~
../Core/Src/main.c:129:3: warning: implicit declaration of function 'calculaLut' [-Wimplicit-function-declaration]
  129 |   calculaLut();
      |   ^~~~~~~~~~
../Core/Src/main.c: At top level:
../Core/Src/main.c:562:6: warning: conflicting types for 'calculaLut'; have 'void(void)'
  562 | void calculaLut(void){
      |      ^~~~~~~~~~
../Core/Src/main.c:129:3: note: previous implicit declaration of 'calculaLut' with type 'void(void)'
  129 |   calculaLut();
      |   ^~~~~~~~~~
../Core/Src/main.c:572:6: warning: conflicting types for 'ajustaTimers'; have 'void(void)'
  572 | void ajustaTimers(void){
      |      ^~~~~~~~~~~~
../Core/Src/main.c:128:3: note: previous implicit declaration of 'ajustaTimers' with type 'void(void)'
  128 |   ajustaTimers();
      |   ^~~~~~~~~~~~
arm-none-eabi-gcc -o "PruebaTFG.elf" @"objects.list"   -mcpu=cortex-m4 -T"C:\Users\salva\Desktop\GitTFG\workspace\PruebaTFG\STM32G474RETX_FLASH.ld" --specs=nosys.specs -Wl,-Map="PruebaTFG.map" -Wl,--gc-sections -static --specs=nano.specs -mfpu=fpv4-sp-d16 -mfloat-abi=hard -mthumb -Wl,--start-group -lc -lm -Wl,--end-group
Finished building target: PruebaTFG.elf
 
arm-none-eabi-size   PruebaTFG.elf 
arm-none-eabi-objdump -h -S  PruebaTFG.elf  > "PruebaTFG.list"
   text	   data	    bss	    dec	    hex	filename
  28784	     32	  10544	  39360	   99c0	PruebaTFG.elf
Finished building: default.size.stdout
 
Finished building: PruebaTFG.list
 
13:00:43 **** Incremental Build of configuration Debug for project PruebaTFG ****
make -j12 all 
arm-none-eabi-gcc "../Core/Src/main.c" -mcpu=cortex-m4 -std=gnu11 -g3 -DDEBUG -DUSE_HAL_DRIVER -DSTM32G474xx -c -I../Core/Inc -I../Drivers/STM32G4xx_HAL_Driver/Inc -I../Drivers/STM32G4xx_HAL_Driver/Inc/Legacy -I../Drivers/CMSIS/Device/ST/STM32G4xx/Include -I../Drivers/CMSIS/Include -O0 -ffunction-sections -fdata-sections -Wall -fstack-usage -fcyclomatic-complexity -MMD -MP -MF"Core/Src/main.d" -MT"Core/Src/main.o" --specs=nano.specs -mfpu=fpv4-sp-d16 -mfloat-abi=hard -mthumb -o "Core/Src/main.o"
../Core/Src/main.c: In function 'main':
../Core/Src/main.c:128:3: warning: implicit declaration of function 'ajustaTimers' [-Wimplicit-function-declaration]
  128 |   ajustaTimers();
      |   ^~~~~~~~~~~~
../Core/Src/main.c:129:3: warning: implicit declaration of function 'calculaLut' [-Wimplicit-function-declaration]
  129 |   calculaLut();
      |   ^~~~~~~~~~
../Core/Src/main.c: At top level:
../Core/Src/main.c:562:6: warning: conflicting types for 'calculaLut'; have 'void(void)'
  562 | void calculaLut(void){
      |      ^~~~~~~~~~
../Core/Src/main.c:129:3: note: previous implicit declaration of 'calculaLut' with type 'void(void)'
  129 |   calculaLut();
      |   ^~~~~~~~~~
../Core/Src/main.c:572:6: warning: conflicting types for 'ajustaTimers'; have 'void(void)'
  572 | void ajustaTimers(void){
      |      ^~~~~~~~~~~~
../Core/Src/main.c:128:3: note: previous implicit declaration of 'ajustaTimers' with type 'void(void)'
  128 |   ajustaTimers();
      |   ^~~~~~~~~~~~
arm-none-eabi-gcc -o "PruebaTFG.elf" @"objects.list"   -mcpu=cortex-m4 -T"C:\Users\salva\Desktop\GitTFG\workspace\PruebaTFG\STM32G474RETX_FLASH.ld" --specs=nosys.specs -Wl,-Map="PruebaTFG.map" -Wl,--gc-sections -static --specs=nano.specs -mfpu=fpv4-sp-d16 -mfloat-abi=hard -mthumb -Wl,--start-group -lc -lm -Wl,--end-group
Finished building target: PruebaTFG.elf
 
arm-none-eabi-size   PruebaTFG.elf 
arm-none-eabi-objdump -h -S  PruebaTFG.elf  > "PruebaTFG.list"
   text	   data	    bss	    dec	    hex	filename
  28784	     32	  10544	  39360	   99c0	PruebaTFG.elf
Finished building: default.size.stdout
 
Finished building: PruebaTFG.list
 
13:02:56 **** Incremental Build of configuration Debug for project PruebaTFG ****
make -j12 all 
arm-none-eabi-size   PruebaTFG.elf 
   text	   data	    bss	    dec	    hex	filename
  28784	     32	  10544	  39360	   99c0	PruebaTFG.elf
Finished building: default.size.stdout
 
13:03:21 **** Incremental Build of configuration Debug for project PruebaTFG ****
make -j12 all 
arm-none-eabi-size   PruebaTFG.elf 
   text	   data	    bss	    dec	    hex	filename
  28784	     32	  10544	  39360	   99c0	PruebaTFG.elf
Finished building: default.size.stdout
 
13:03:32 **** Incremental Build of configuration Debug for project PruebaTFG ****
make -j12 all 
arm-none-eabi-size   PruebaTFG.elf 
   text	   data	    bss	    dec	    hex	filename
  28784	     32	  10544	  39360	   99c0	PruebaTFG.elf
Finished building: default.size.stdout
 
13:06:20 **** Incremental Build of configuration Debug for project PruebaTFG ****
make -j12 all 
arm-none-eabi-gcc "../Core/Src/main.c" -mcpu=cortex-m4 -std=gnu11 -g3 -DDEBUG -DUSE_HAL_DRIVER -DSTM32G474xx -c -I../Core/Inc -I../Drivers/STM32G4xx_HAL_Driver/Inc -I../Drivers/STM32G4xx_HAL_Driver/Inc/Legacy -I../Drivers/CMSIS/Device/ST/STM32G4xx/Include -I../Drivers/CMSIS/Include -O0 -ffunction-sections -fdata-sections -Wall -fstack-usage -fcyclomatic-complexity -MMD -MP -MF"Core/Src/main.d" -MT"Core/Src/main.o" --specs=nano.specs -mfpu=fpv4-sp-d16 -mfloat-abi=hard -mthumb -o "Core/Src/main.o"
../Core/Src/main.c: In function 'main':
../Core/Src/main.c:128:3: warning: implicit declaration of function 'ajustaTimers' [-Wimplicit-function-declaration]
  128 |   ajustaTimers();
      |   ^~~~~~~~~~~~
../Core/Src/main.c:129:3: warning: implicit declaration of function 'calculaLut' [-Wimplicit-function-declaration]
  129 |   calculaLut();
      |   ^~~~~~~~~~
../Core/Src/main.c: At top level:
../Core/Src/main.c:562:6: warning: conflicting types for 'calculaLut'; have 'void(void)'
  562 | void calculaLut(void){
      |      ^~~~~~~~~~
../Core/Src/main.c:129:3: note: previous implicit declaration of 'calculaLut' with type 'void(void)'
  129 |   calculaLut();
      |   ^~~~~~~~~~
../Core/Src/main.c:572:6: warning: conflicting types for 'ajustaTimers'; have 'void(void)'
  572 | void ajustaTimers(void){
      |      ^~~~~~~~~~~~
../Core/Src/main.c:128:3: note: previous implicit declaration of 'ajustaTimers' with type 'void(void)'
  128 |   ajustaTimers();
      |   ^~~~~~~~~~~~
arm-none-eabi-gcc -o "PruebaTFG.elf" @"objects.list"   -mcpu=cortex-m4 -T"C:\Users\salva\Desktop\GitTFG\workspace\PruebaTFG\STM32G474RETX_FLASH.ld" --specs=nosys.specs -Wl,-Map="PruebaTFG.map" -Wl,--gc-sections -static --specs=nano.specs -mfpu=fpv4-sp-d16 -mfloat-abi=hard -mthumb -Wl,--start-group -lc -lm -Wl,--end-group
Finished building target: PruebaTFG.elf
 
arm-none-eabi-size   PruebaTFG.elf 
arm-none-eabi-objdump -h -S  PruebaTFG.elf  > "PruebaTFG.list"
   text	   data	    bss	    dec	    hex	filename
  28808	     32	  10544	  39384	   99d8	PruebaTFG.elf
Finished building: default.size.stdout
 
Finished building: PruebaTFG.list
 
13:07:05 **** Incremental Build of configuration Debug for project PruebaTFG ****
make -j12 all 
arm-none-eabi-size   PruebaTFG.elf 
   text	   data	    bss	    dec	    hex	filename
  28808	     32	  10544	  39384	   99d8	PruebaTFG.elf
Finished building: default.size.stdout
 
13:10:21 **** Incremental Build of configuration Debug for project PruebaTFG ****
make -j12 all 
arm-none-eabi-gcc "../Core/Src/main.c" -mcpu=cortex-m4 -std=gnu11 -g3 -DDEBUG -DUSE_HAL_DRIVER -DSTM32G474xx -c -I../Core/Inc -I../Drivers/STM32G4xx_HAL_Driver/Inc -I../Drivers/STM32G4xx_HAL_Driver/Inc/Legacy -I../Drivers/CMSIS/Device/ST/STM32G4xx/Include -I../Drivers/CMSIS/Include -O0 -ffunction-sections -fdata-sections -Wall -fstack-usage -fcyclomatic-complexity -MMD -MP -MF"Core/Src/main.d" -MT"Core/Src/main.o" --specs=nano.specs -mfpu=fpv4-sp-d16 -mfloat-abi=hard -mthumb -o "Core/Src/main.o"
../Core/Src/main.c: In function 'main':
../Core/Src/main.c:128:3: warning: implicit declaration of function 'ajustaTimers' [-Wimplicit-function-declaration]
  128 |   ajustaTimers();
      |   ^~~~~~~~~~~~
../Core/Src/main.c:129:3: warning: implicit declaration of function 'calculaLut' [-Wimplicit-function-declaration]
  129 |   calculaLut();
      |   ^~~~~~~~~~
../Core/Src/main.c: At top level:
../Core/Src/main.c:562:6: warning: conflicting types for 'calculaLut'; have 'void(void)'
  562 | void calculaLut(void){
      |      ^~~~~~~~~~
../Core/Src/main.c:129:3: note: previous implicit declaration of 'calculaLut' with type 'void(void)'
  129 |   calculaLut();
      |   ^~~~~~~~~~
../Core/Src/main.c:572:6: warning: conflicting types for 'ajustaTimers'; have 'void(void)'
  572 | void ajustaTimers(void){
      |      ^~~~~~~~~~~~
../Core/Src/main.c:128:3: note: previous implicit declaration of 'ajustaTimers' with type 'void(void)'
  128 |   ajustaTimers();
      |   ^~~~~~~~~~~~
arm-none-eabi-gcc -o "PruebaTFG.elf" @"objects.list"   -mcpu=cortex-m4 -T"C:\Users\salva\Desktop\GitTFG\workspace\PruebaTFG\STM32G474RETX_FLASH.ld" --specs=nosys.specs -Wl,-Map="PruebaTFG.map" -Wl,--gc-sections -static --specs=nano.specs -mfpu=fpv4-sp-d16 -mfloat-abi=hard -mthumb -Wl,--start-group -lc -lm -Wl,--end-group
Finished building target: PruebaTFG.elf
 
arm-none-eabi-size   PruebaTFG.elf 
arm-none-eabi-objdump -h -S  PruebaTFG.elf  > "PruebaTFG.list"
   text	   data	    bss	    dec	    hex	filename
  28832	     32	  10544	  39408	   99f0	PruebaTFG.elf
Finished building: default.size.stdout
 
Finished building: PruebaTFG.list
 
13:11:31 **** Incremental Build of configuration Debug for project PruebaTFG ****
make -j12 all 
arm-none-eabi-gcc "../Core/Src/main.c" -mcpu=cortex-m4 -std=gnu11 -g3 -DDEBUG -DUSE_HAL_DRIVER -DSTM32G474xx -c -I../Core/Inc -I../Drivers/STM32G4xx_HAL_Driver/Inc -I../Drivers/STM32G4xx_HAL_Driver/Inc/Legacy -I../Drivers/CMSIS/Device/ST/STM32G4xx/Include -I../Drivers/CMSIS/Include -O0 -ffunction-sections -fdata-sections -Wall -fstack-usage -fcyclomatic-complexity -MMD -MP -MF"Core/Src/main.d" -MT"Core/Src/main.o" --specs=nano.specs -mfpu=fpv4-sp-d16 -mfloat-abi=hard -mthumb -o "Core/Src/main.o"
../Core/Src/main.c: In function 'main':
../Core/Src/main.c:128:3: warning: implicit declaration of function 'ajustaTimers' [-Wimplicit-function-declaration]
  128 |   ajustaTimers();
      |   ^~~~~~~~~~~~
../Core/Src/main.c:129:3: warning: implicit declaration of function 'calculaLut' [-Wimplicit-function-declaration]
  129 |   calculaLut();
      |   ^~~~~~~~~~
../Core/Src/main.c: At top level:
../Core/Src/main.c:562:6: warning: conflicting types for 'calculaLut'; have 'void(void)'
  562 | void calculaLut(void){
      |      ^~~~~~~~~~
../Core/Src/main.c:129:3: note: previous implicit declaration of 'calculaLut' with type 'void(void)'
  129 |   calculaLut();
      |   ^~~~~~~~~~
../Core/Src/main.c:572:6: warning: conflicting types for 'ajustaTimers'; have 'void(void)'
  572 | void ajustaTimers(void){
      |      ^~~~~~~~~~~~
../Core/Src/main.c:128:3: note: previous implicit declaration of 'ajustaTimers' with type 'void(void)'
  128 |   ajustaTimers();
      |   ^~~~~~~~~~~~
arm-none-eabi-gcc -o "PruebaTFG.elf" @"objects.list"   -mcpu=cortex-m4 -T"C:\Users\salva\Desktop\GitTFG\workspace\PruebaTFG\STM32G474RETX_FLASH.ld" --specs=nosys.specs -Wl,-Map="PruebaTFG.map" -Wl,--gc-sections -static --specs=nano.specs -mfpu=fpv4-sp-d16 -mfloat-abi=hard -mthumb -Wl,--start-group -lc -lm -Wl,--end-group
Finished building target: PruebaTFG.elf
 
arm-none-eabi-size   PruebaTFG.elf 
arm-none-eabi-objdump -h -S  PruebaTFG.elf  > "PruebaTFG.list"
   text	   data	    bss	    dec	    hex	filename
  28816	     32	  10544	  39392	   99e0	PruebaTFG.elf
Finished building: default.size.stdout
 
Finished building: PruebaTFG.list
 
13:11:58 **** Incremental Build of configuration Debug for project PruebaTFG ****
make -j12 all 
arm-none-eabi-gcc "../Core/Src/main.c" -mcpu=cortex-m4 -std=gnu11 -g3 -DDEBUG -DUSE_HAL_DRIVER -DSTM32G474xx -c -I../Core/Inc -I../Drivers/STM32G4xx_HAL_Driver/Inc -I../Drivers/STM32G4xx_HAL_Driver/Inc/Legacy -I../Drivers/CMSIS/Device/ST/STM32G4xx/Include -I../Drivers/CMSIS/Include -O0 -ffunction-sections -fdata-sections -Wall -fstack-usage -fcyclomatic-complexity -MMD -MP -MF"Core/Src/main.d" -MT"Core/Src/main.o" --specs=nano.specs -mfpu=fpv4-sp-d16 -mfloat-abi=hard -mthumb -o "Core/Src/main.o"
../Core/Src/main.c: In function 'main':
../Core/Src/main.c:128:3: warning: implicit declaration of function 'ajustaTimers' [-Wimplicit-function-declaration]
  128 |   ajustaTimers();
      |   ^~~~~~~~~~~~
../Core/Src/main.c:129:3: warning: implicit declaration of function 'calculaLut' [-Wimplicit-function-declaration]
  129 |   calculaLut();
      |   ^~~~~~~~~~
../Core/Src/main.c: At top level:
../Core/Src/main.c:562:6: warning: conflicting types for 'calculaLut'; have 'void(void)'
  562 | void calculaLut(void){
      |      ^~~~~~~~~~
../Core/Src/main.c:129:3: note: previous implicit declaration of 'calculaLut' with type 'void(void)'
  129 |   calculaLut();
      |   ^~~~~~~~~~
../Core/Src/main.c:572:6: warning: conflicting types for 'ajustaTimers'; have 'void(void)'
  572 | void ajustaTimers(void){
      |      ^~~~~~~~~~~~
../Core/Src/main.c:128:3: note: previous implicit declaration of 'ajustaTimers' with type 'void(void)'
  128 |   ajustaTimers();
      |   ^~~~~~~~~~~~
arm-none-eabi-gcc -o "PruebaTFG.elf" @"objects.list"   -mcpu=cortex-m4 -T"C:\Users\salva\Desktop\GitTFG\workspace\PruebaTFG\STM32G474RETX_FLASH.ld" --specs=nosys.specs -Wl,-Map="PruebaTFG.map" -Wl,--gc-sections -static --specs=nano.specs -mfpu=fpv4-sp-d16 -mfloat-abi=hard -mthumb -Wl,--start-group -lc -lm -Wl,--end-group
Finished building target: PruebaTFG.elf
 
arm-none-eabi-size   PruebaTFG.elf 
arm-none-eabi-objdump -h -S  PruebaTFG.elf  > "PruebaTFG.list"
   text	   data	    bss	    dec	    hex	filename
  28832	     32	  10544	  39408	   99f0	PruebaTFG.elf
Finished building: default.size.stdout
 
Finished building: PruebaTFG.list
 
13:14:20 **** Incremental Build of configuration Debug for project PruebaTFG ****
make -j12 all 
arm-none-eabi-size   PruebaTFG.elf 
   text	   data	    bss	    dec	    hex	filename
  28832	     32	  10544	  39408	   99f0	PruebaTFG.elf
Finished building: default.size.stdout
 
13:32:10 **** Build of configuration Debug for project PruebaTFG ****
make -j12 all 
arm-none-eabi-gcc "../Core/Src/main.c" -mcpu=cortex-m4 -std=gnu11 -g3 -DDEBUG -DUSE_HAL_DRIVER -DSTM32G474xx -c -I../Core/Inc -I../Drivers/STM32G4xx_HAL_Driver/Inc -I../Drivers/STM32G4xx_HAL_Driver/Inc/Legacy -I../Drivers/CMSIS/Device/ST/STM32G4xx/Include -I../Drivers/CMSIS/Include -O0 -ffunction-sections -fdata-sections -Wall -fstack-usage -fcyclomatic-complexity -MMD -MP -MF"Core/Src/main.d" -MT"Core/Src/main.o" --specs=nano.specs -mfpu=fpv4-sp-d16 -mfloat-abi=hard -mthumb -o "Core/Src/main.o"
../Core/Src/main.c: In function 'main':
../Core/Src/main.c:128:3: warning: implicit declaration of function 'ajustaTimers' [-Wimplicit-function-declaration]
  128 |   ajustaTimers();
      |   ^~~~~~~~~~~~
../Core/Src/main.c:129:3: warning: implicit declaration of function 'calculaLut' [-Wimplicit-function-declaration]
  129 |   calculaLut();
      |   ^~~~~~~~~~
../Core/Src/main.c: At top level:
../Core/Src/main.c:565:6: warning: conflicting types for 'calculaLut'; have 'void(void)'
  565 | void calculaLut(void){
      |      ^~~~~~~~~~
../Core/Src/main.c:129:3: note: previous implicit declaration of 'calculaLut' with type 'void(void)'
  129 |   calculaLut();
      |   ^~~~~~~~~~
../Core/Src/main.c:575:6: warning: conflicting types for 'ajustaTimers'; have 'void(void)'
  575 | void ajustaTimers(void){
      |      ^~~~~~~~~~~~
../Core/Src/main.c:128:3: note: previous implicit declaration of 'ajustaTimers' with type 'void(void)'
  128 |   ajustaTimers();
      |   ^~~~~~~~~~~~
arm-none-eabi-gcc -o "PruebaTFG.elf" @"objects.list"   -mcpu=cortex-m4 -T"C:\Users\salva\Desktop\GitTFG\workspace\PruebaTFG\STM32G474RETX_FLASH.ld" --specs=nosys.specs -Wl,-Map="PruebaTFG.map" -Wl,--gc-sections -static --specs=nano.specs -mfpu=fpv4-sp-d16 -mfloat-abi=hard -mthumb -Wl,--start-group -lc -lm -Wl,--end-group
Finished building target: PruebaTFG.elf
 
arm-none-eabi-size   PruebaTFG.elf 
arm-none-eabi-objdump -h -S  PruebaTFG.elf  > "PruebaTFG.list"
   text	   data	    bss	    dec	    hex	filename
  29072	     32	  10544	  39648	   9ae0	PruebaTFG.elf
Finished building: default.size.stdout
 
Finished building: PruebaTFG.list
 
13:33:38 **** Incremental Build of configuration Debug for project PruebaTFG ****
make -j12 all 
arm-none-eabi-gcc "../Core/Src/main.c" -mcpu=cortex-m4 -std=gnu11 -g3 -DDEBUG -DUSE_HAL_DRIVER -DSTM32G474xx -c -I../Core/Inc -I../Drivers/STM32G4xx_HAL_Driver/Inc -I../Drivers/STM32G4xx_HAL_Driver/Inc/Legacy -I../Drivers/CMSIS/Device/ST/STM32G4xx/Include -I../Drivers/CMSIS/Include -O0 -ffunction-sections -fdata-sections -Wall -fstack-usage -fcyclomatic-complexity -MMD -MP -MF"Core/Src/main.d" -MT"Core/Src/main.o" --specs=nano.specs -mfpu=fpv4-sp-d16 -mfloat-abi=hard -mthumb -o "Core/Src/main.o"
../Core/Src/main.c: In function 'main':
../Core/Src/main.c:129:3: warning: implicit declaration of function 'calculaLut' [-Wimplicit-function-declaration]
  129 |   calculaLut();
      |   ^~~~~~~~~~
../Core/Src/main.c: At top level:
../Core/Src/main.c:565:6: warning: conflicting types for 'calculaLut'; have 'void(void)'
  565 | void calculaLut(void){
      |      ^~~~~~~~~~
../Core/Src/main.c:129:3: note: previous implicit declaration of 'calculaLut' with type 'void(void)'
  129 |   calculaLut();
      |   ^~~~~~~~~~
arm-none-eabi-gcc -o "PruebaTFG.elf" @"objects.list"   -mcpu=cortex-m4 -T"C:\Users\salva\Desktop\GitTFG\workspace\PruebaTFG\STM32G474RETX_FLASH.ld" --specs=nosys.specs -Wl,-Map="PruebaTFG.map" -Wl,--gc-sections -static --specs=nano.specs -mfpu=fpv4-sp-d16 -mfloat-abi=hard -mthumb -Wl,--start-group -lc -lm -Wl,--end-group
Finished building target: PruebaTFG.elf
 
arm-none-eabi-size   PruebaTFG.elf 
arm-none-eabi-objdump -h -S  PruebaTFG.elf  > "PruebaTFG.list"
   text	   data	    bss	    dec	    hex	filename
  28048	     28	  10540	  38616	   96d8	PruebaTFG.elf
Finished building: default.size.stdout
 
Finished building: PruebaTFG.list
 
13:36:05 **** Incremental Build of configuration Debug for project PruebaTFG ****
make -j12 all 
arm-none-eabi-gcc "../Core/Src/main.c" -mcpu=cortex-m4 -std=gnu11 -g3 -DDEBUG -DUSE_HAL_DRIVER -DSTM32G474xx -c -I../Core/Inc -I../Drivers/STM32G4xx_HAL_Driver/Inc -I../Drivers/STM32G4xx_HAL_Driver/Inc/Legacy -I../Drivers/CMSIS/Device/ST/STM32G4xx/Include -I../Drivers/CMSIS/Include -O0 -ffunction-sections -fdata-sections -Wall -fstack-usage -fcyclomatic-complexity -MMD -MP -MF"Core/Src/main.d" -MT"Core/Src/main.o" --specs=nano.specs -mfpu=fpv4-sp-d16 -mfloat-abi=hard -mthumb -o "Core/Src/main.o"
../Core/Src/main.c: In function 'main':
../Core/Src/main.c:129:3: warning: implicit declaration of function 'calculaLut' [-Wimplicit-function-declaration]
  129 |   calculaLut();
      |   ^~~~~~~~~~
../Core/Src/main.c: At top level:
../Core/Src/main.c:565:6: warning: conflicting types for 'calculaLut'; have 'void(void)'
  565 | void calculaLut(void){
      |      ^~~~~~~~~~
../Core/Src/main.c:129:3: note: previous implicit declaration of 'calculaLut' with type 'void(void)'
  129 |   calculaLut();
      |   ^~~~~~~~~~
arm-none-eabi-gcc -o "PruebaTFG.elf" @"objects.list"   -mcpu=cortex-m4 -T"C:\Users\salva\Desktop\GitTFG\workspace\PruebaTFG\STM32G474RETX_FLASH.ld" --specs=nosys.specs -Wl,-Map="PruebaTFG.map" -Wl,--gc-sections -static --specs=nano.specs -mfpu=fpv4-sp-d16 -mfloat-abi=hard -mthumb -Wl,--start-group -lc -lm -Wl,--end-group
Finished building target: PruebaTFG.elf
 
arm-none-eabi-size   PruebaTFG.elf 
arm-none-eabi-objdump -h -S  PruebaTFG.elf  > "PruebaTFG.list"
   text	   data	    bss	    dec	    hex	filename
  28456	     28	  10540	  39024	   9870	PruebaTFG.elf
Finished building: default.size.stdout
 
Finished building: PruebaTFG.list
 
13:38:03 **** Incremental Build of configuration Debug for project PruebaTFG ****
make -j12 all 
arm-none-eabi-gcc "../Core/Src/main.c" -mcpu=cortex-m4 -std=gnu11 -g3 -DDEBUG -DUSE_HAL_DRIVER -DSTM32G474xx -c -I../Core/Inc -I../Drivers/STM32G4xx_HAL_Driver/Inc -I../Drivers/STM32G4xx_HAL_Driver/Inc/Legacy -I../Drivers/CMSIS/Device/ST/STM32G4xx/Include -I../Drivers/CMSIS/Include -O0 -ffunction-sections -fdata-sections -Wall -fstack-usage -fcyclomatic-complexity -MMD -MP -MF"Core/Src/main.d" -MT"Core/Src/main.o" --specs=nano.specs -mfpu=fpv4-sp-d16 -mfloat-abi=hard -mthumb -o "Core/Src/main.o"
../Core/Src/main.c: In function 'main':
../Core/Src/main.c:129:3: warning: implicit declaration of function 'calculaLut' [-Wimplicit-function-declaration]
  129 |   calculaLut();
      |   ^~~~~~~~~~
../Core/Src/main.c: At top level:
../Core/Src/main.c:565:6: warning: conflicting types for 'calculaLut'; have 'void(void)'
  565 | void calculaLut(void){
      |      ^~~~~~~~~~
../Core/Src/main.c:129:3: note: previous implicit declaration of 'calculaLut' with type 'void(void)'
  129 |   calculaLut();
      |   ^~~~~~~~~~
arm-none-eabi-gcc -o "PruebaTFG.elf" @"objects.list"   -mcpu=cortex-m4 -T"C:\Users\salva\Desktop\GitTFG\workspace\PruebaTFG\STM32G474RETX_FLASH.ld" --specs=nosys.specs -Wl,-Map="PruebaTFG.map" -Wl,--gc-sections -static --specs=nano.specs -mfpu=fpv4-sp-d16 -mfloat-abi=hard -mthumb -Wl,--start-group -lc -lm -Wl,--end-group
Finished building target: PruebaTFG.elf
 
arm-none-eabi-size   PruebaTFG.elf 
arm-none-eabi-objdump -h -S  PruebaTFG.elf  > "PruebaTFG.list"
   text	   data	    bss	    dec	    hex	filename
  28456	     28	  10540	  39024	   9870	PruebaTFG.elf
Finished building: default.size.stdout
 
Finished building: PruebaTFG.list
 
13:38:37 **** Incremental Build of configuration Debug for project PruebaTFG ****
make -j12 all 
arm-none-eabi-gcc "../Core/Src/main.c" -mcpu=cortex-m4 -std=gnu11 -g3 -DDEBUG -DUSE_HAL_DRIVER -DSTM32G474xx -c -I../Core/Inc -I../Drivers/STM32G4xx_HAL_Driver/Inc -I../Drivers/STM32G4xx_HAL_Driver/Inc/Legacy -I../Drivers/CMSIS/Device/ST/STM32G4xx/Include -I../Drivers/CMSIS/Include -O0 -ffunction-sections -fdata-sections -Wall -fstack-usage -fcyclomatic-complexity -MMD -MP -MF"Core/Src/main.d" -MT"Core/Src/main.o" --specs=nano.specs -mfpu=fpv4-sp-d16 -mfloat-abi=hard -mthumb -o "Core/Src/main.o"
../Core/Src/main.c: In function 'main':
../Core/Src/main.c:128:3: warning: implicit declaration of function 'ajustaTimers' [-Wimplicit-function-declaration]
  128 |   ajustaTimers();
      |   ^~~~~~~~~~~~
../Core/Src/main.c:129:3: warning: implicit declaration of function 'calculaLut' [-Wimplicit-function-declaration]
  129 |   calculaLut();
      |   ^~~~~~~~~~
../Core/Src/main.c: At top level:
../Core/Src/main.c:565:6: warning: conflicting types for 'calculaLut'; have 'void(void)'
  565 | void calculaLut(void){
      |      ^~~~~~~~~~
../Core/Src/main.c:129:3: note: previous implicit declaration of 'calculaLut' with type 'void(void)'
  129 |   calculaLut();
      |   ^~~~~~~~~~
../Core/Src/main.c:575:6: warning: conflicting types for 'ajustaTimers'; have 'void(void)'
  575 | void ajustaTimers(void){
      |      ^~~~~~~~~~~~
../Core/Src/main.c:128:3: note: previous implicit declaration of 'ajustaTimers' with type 'void(void)'
  128 |   ajustaTimers();
      |   ^~~~~~~~~~~~
arm-none-eabi-gcc -o "PruebaTFG.elf" @"objects.list"   -mcpu=cortex-m4 -T"C:\Users\salva\Desktop\GitTFG\workspace\PruebaTFG\STM32G474RETX_FLASH.ld" --specs=nosys.specs -Wl,-Map="PruebaTFG.map" -Wl,--gc-sections -static --specs=nano.specs -mfpu=fpv4-sp-d16 -mfloat-abi=hard -mthumb -Wl,--start-group -lc -lm -Wl,--end-group
Finished building target: PruebaTFG.elf
 
arm-none-eabi-size   PruebaTFG.elf 
arm-none-eabi-objdump -h -S  PruebaTFG.elf  > "PruebaTFG.list"
   text	   data	    bss	    dec	    hex	filename
  29072	     32	  10544	  39648	   9ae0	PruebaTFG.elf
Finished building: default.size.stdout
 
Finished building: PruebaTFG.list
 
13:42:30 **** Incremental Build of configuration Debug for project PruebaTFG ****
make -j12 all 
arm-none-eabi-gcc "../Core/Src/main.c" -mcpu=cortex-m4 -std=gnu11 -g3 -DDEBUG -DUSE_HAL_DRIVER -DSTM32G474xx -c -I../Core/Inc -I../Drivers/STM32G4xx_HAL_Driver/Inc -I../Drivers/STM32G4xx_HAL_Driver/Inc/Legacy -I../Drivers/CMSIS/Device/ST/STM32G4xx/Include -I../Drivers/CMSIS/Include -O0 -ffunction-sections -fdata-sections -Wall -fstack-usage -fcyclomatic-complexity -MMD -MP -MF"Core/Src/main.d" -MT"Core/Src/main.o" --specs=nano.specs -mfpu=fpv4-sp-d16 -mfloat-abi=hard -mthumb -o "Core/Src/main.o"
../Core/Src/main.c: In function 'main':
../Core/Src/main.c:129:3: warning: implicit declaration of function 'calculaLut' [-Wimplicit-function-declaration]
  129 |   calculaLut();
      |   ^~~~~~~~~~
../Core/Src/main.c: At top level:
../Core/Src/main.c:565:6: warning: conflicting types for 'calculaLut'; have 'void(void)'
  565 | void calculaLut(void){
      |      ^~~~~~~~~~
../Core/Src/main.c:129:3: note: previous implicit declaration of 'calculaLut' with type 'void(void)'
  129 |   calculaLut();
      |   ^~~~~~~~~~
arm-none-eabi-gcc -o "PruebaTFG.elf" @"objects.list"   -mcpu=cortex-m4 -T"C:\Users\salva\Desktop\GitTFG\workspace\PruebaTFG\STM32G474RETX_FLASH.ld" --specs=nosys.specs -Wl,-Map="PruebaTFG.map" -Wl,--gc-sections -static --specs=nano.specs -mfpu=fpv4-sp-d16 -mfloat-abi=hard -mthumb -Wl,--start-group -lc -lm -Wl,--end-group
Finished building target: PruebaTFG.elf
 
arm-none-eabi-size   PruebaTFG.elf 
arm-none-eabi-objdump -h -S  PruebaTFG.elf  > "PruebaTFG.list"
   text	   data	    bss	    dec	    hex	filename
  28464	     28	  10540	  39032	   9878	PruebaTFG.elf
Finished building: default.size.stdout
 
Finished building: PruebaTFG.list
 
13:47:36 **** Incremental Build of configuration Debug for project PruebaTFG ****
make -j12 all 
arm-none-eabi-gcc "../Core/Src/main.c" -mcpu=cortex-m4 -std=gnu11 -g3 -DDEBUG -DUSE_HAL_DRIVER -DSTM32G474xx -c -I../Core/Inc -I../Drivers/STM32G4xx_HAL_Driver/Inc -I../Drivers/STM32G4xx_HAL_Driver/Inc/Legacy -I../Drivers/CMSIS/Device/ST/STM32G4xx/Include -I../Drivers/CMSIS/Include -O0 -ffunction-sections -fdata-sections -Wall -fstack-usage -fcyclomatic-complexity -MMD -MP -MF"Core/Src/main.d" -MT"Core/Src/main.o" --specs=nano.specs -mfpu=fpv4-sp-d16 -mfloat-abi=hard -mthumb -o "Core/Src/main.o"
../Core/Src/main.c: In function 'main':
../Core/Src/main.c:129:3: warning: implicit declaration of function 'calculaLut' [-Wimplicit-function-declaration]
  129 |   calculaLut();
      |   ^~~~~~~~~~
../Core/Src/main.c: At top level:
../Core/Src/main.c:565:6: warning: conflicting types for 'calculaLut'; have 'void(void)'
  565 | void calculaLut(void){
      |      ^~~~~~~~~~
../Core/Src/main.c:129:3: note: previous implicit declaration of 'calculaLut' with type 'void(void)'
  129 |   calculaLut();
      |   ^~~~~~~~~~
arm-none-eabi-gcc -o "PruebaTFG.elf" @"objects.list"   -mcpu=cortex-m4 -T"C:\Users\salva\Desktop\GitTFG\workspace\PruebaTFG\STM32G474RETX_FLASH.ld" --specs=nosys.specs -Wl,-Map="PruebaTFG.map" -Wl,--gc-sections -static --specs=nano.specs -mfpu=fpv4-sp-d16 -mfloat-abi=hard -mthumb -Wl,--start-group -lc -lm -Wl,--end-group
Finished building target: PruebaTFG.elf
 
arm-none-eabi-size   PruebaTFG.elf 
arm-none-eabi-objdump -h -S  PruebaTFG.elf  > "PruebaTFG.list"
   text	   data	    bss	    dec	    hex	filename
  28456	     28	  10540	  39024	   9870	PruebaTFG.elf
Finished building: default.size.stdout
 
Finished building: PruebaTFG.list
 
13:52:15 **** Incremental Build of configuration Debug for project PruebaTFG ****
make -j12 all 
arm-none-eabi-gcc "../Core/Src/main.c" -mcpu=cortex-m4 -std=gnu11 -g3 -DDEBUG -DUSE_HAL_DRIVER -DSTM32G474xx -c -I../Core/Inc -I../Drivers/STM32G4xx_HAL_Driver/Inc -I../Drivers/STM32G4xx_HAL_Driver/Inc/Legacy -I../Drivers/CMSIS/Device/ST/STM32G4xx/Include -I../Drivers/CMSIS/Include -O0 -ffunction-sections -fdata-sections -Wall -fstack-usage -fcyclomatic-complexity -MMD -MP -MF"Core/Src/main.d" -MT"Core/Src/main.o" --specs=nano.specs -mfpu=fpv4-sp-d16 -mfloat-abi=hard -mthumb -o "Core/Src/main.o"
../Core/Src/main.c: In function 'main':
../Core/Src/main.c:129:3: warning: implicit declaration of function 'calculaLut' [-Wimplicit-function-declaration]
  129 |   calculaLut();
      |   ^~~~~~~~~~
../Core/Src/main.c: At top level:
../Core/Src/main.c:565:6: warning: conflicting types for 'calculaLut'; have 'void(void)'
  565 | void calculaLut(void){
      |      ^~~~~~~~~~
../Core/Src/main.c:129:3: note: previous implicit declaration of 'calculaLut' with type 'void(void)'
  129 |   calculaLut();
      |   ^~~~~~~~~~
arm-none-eabi-gcc -o "PruebaTFG.elf" @"objects.list"   -mcpu=cortex-m4 -T"C:\Users\salva\Desktop\GitTFG\workspace\PruebaTFG\STM32G474RETX_FLASH.ld" --specs=nosys.specs -Wl,-Map="PruebaTFG.map" -Wl,--gc-sections -static --specs=nano.specs -mfpu=fpv4-sp-d16 -mfloat-abi=hard -mthumb -Wl,--start-group -lc -lm -Wl,--end-group
Finished building target: PruebaTFG.elf
 
arm-none-eabi-size   PruebaTFG.elf 
arm-none-eabi-objdump -h -S  PruebaTFG.elf  > "PruebaTFG.list"
   text	   data	    bss	    dec	    hex	filename
  28456	     28	  10540	  39024	   9870	PruebaTFG.elf
Finished building: default.size.stdout
 
Finished building: PruebaTFG.list
 
13:53:47 **** Incremental Build of configuration Debug for project PruebaTFG ****
make -j12 all 
arm-none-eabi-gcc "../Core/Src/main.c" -mcpu=cortex-m4 -std=gnu11 -g3 -DDEBUG -DUSE_HAL_DRIVER -DSTM32G474xx -c -I../Core/Inc -I../Drivers/STM32G4xx_HAL_Driver/Inc -I../Drivers/STM32G4xx_HAL_Driver/Inc/Legacy -I../Drivers/CMSIS/Device/ST/STM32G4xx/Include -I../Drivers/CMSIS/Include -O0 -ffunction-sections -fdata-sections -Wall -fstack-usage -fcyclomatic-complexity -MMD -MP -MF"Core/Src/main.d" -MT"Core/Src/main.o" --specs=nano.specs -mfpu=fpv4-sp-d16 -mfloat-abi=hard -mthumb -o "Core/Src/main.o"
../Core/Src/main.c: In function 'main':
../Core/Src/main.c:129:3: warning: implicit declaration of function 'calculaLut' [-Wimplicit-function-declaration]
  129 |   calculaLut();
      |   ^~~~~~~~~~
../Core/Src/main.c: At top level:
../Core/Src/main.c:565:6: warning: conflicting types for 'calculaLut'; have 'void(void)'
  565 | void calculaLut(void){
      |      ^~~~~~~~~~
../Core/Src/main.c:129:3: note: previous implicit declaration of 'calculaLut' with type 'void(void)'
  129 |   calculaLut();
      |   ^~~~~~~~~~
arm-none-eabi-gcc -o "PruebaTFG.elf" @"objects.list"   -mcpu=cortex-m4 -T"C:\Users\salva\Desktop\GitTFG\workspace\PruebaTFG\STM32G474RETX_FLASH.ld" --specs=nosys.specs -Wl,-Map="PruebaTFG.map" -Wl,--gc-sections -static --specs=nano.specs -mfpu=fpv4-sp-d16 -mfloat-abi=hard -mthumb -Wl,--start-group -lc -lm -Wl,--end-group
Finished building target: PruebaTFG.elf
 
arm-none-eabi-size   PruebaTFG.elf 
arm-none-eabi-objdump -h -S  PruebaTFG.elf  > "PruebaTFG.list"
   text	   data	    bss	    dec	    hex	filename
  28456	     28	  10540	  39024	   9870	PruebaTFG.elf
Finished building: default.size.stdout
 
Finished building: PruebaTFG.list
 
13:55:49 **** Incremental Build of configuration Debug for project PruebaTFG ****
make -j12 all 
arm-none-eabi-gcc "../Core/Src/main.c" -mcpu=cortex-m4 -std=gnu11 -g3 -DDEBUG -DUSE_HAL_DRIVER -DSTM32G474xx -c -I../Core/Inc -I../Drivers/STM32G4xx_HAL_Driver/Inc -I../Drivers/STM32G4xx_HAL_Driver/Inc/Legacy -I../Drivers/CMSIS/Device/ST/STM32G4xx/Include -I../Drivers/CMSIS/Include -O0 -ffunction-sections -fdata-sections -Wall -fstack-usage -fcyclomatic-complexity -MMD -MP -MF"Core/Src/main.d" -MT"Core/Src/main.o" --specs=nano.specs -mfpu=fpv4-sp-d16 -mfloat-abi=hard -mthumb -o "Core/Src/main.o"
../Core/Src/main.c: In function 'main':
../Core/Src/main.c:129:3: warning: implicit declaration of function 'calculaLut' [-Wimplicit-function-declaration]
  129 |   calculaLut();
      |   ^~~~~~~~~~
../Core/Src/main.c: At top level:
../Core/Src/main.c:565:6: warning: conflicting types for 'calculaLut'; have 'void(void)'
  565 | void calculaLut(void){
      |      ^~~~~~~~~~
../Core/Src/main.c:129:3: note: previous implicit declaration of 'calculaLut' with type 'void(void)'
  129 |   calculaLut();
      |   ^~~~~~~~~~
arm-none-eabi-gcc -o "PruebaTFG.elf" @"objects.list"   -mcpu=cortex-m4 -T"C:\Users\salva\Desktop\GitTFG\workspace\PruebaTFG\STM32G474RETX_FLASH.ld" --specs=nosys.specs -Wl,-Map="PruebaTFG.map" -Wl,--gc-sections -static --specs=nano.specs -mfpu=fpv4-sp-d16 -mfloat-abi=hard -mthumb -Wl,--start-group -lc -lm -Wl,--end-group
Finished building target: PruebaTFG.elf
 
arm-none-eabi-size   PruebaTFG.elf 
arm-none-eabi-objdump -h -S  PruebaTFG.elf  > "PruebaTFG.list"
   text	   data	    bss	    dec	    hex	filename
  28456	     28	  10540	  39024	   9870	PruebaTFG.elf
Finished building: default.size.stdout
 
Finished building: PruebaTFG.list
 
13:57:02 **** Incremental Build of configuration Debug for project PruebaTFG ****
make -j12 all 
arm-none-eabi-gcc "../Core/Src/main.c" -mcpu=cortex-m4 -std=gnu11 -g3 -DDEBUG -DUSE_HAL_DRIVER -DSTM32G474xx -c -I../Core/Inc -I../Drivers/STM32G4xx_HAL_Driver/Inc -I../Drivers/STM32G4xx_HAL_Driver/Inc/Legacy -I../Drivers/CMSIS/Device/ST/STM32G4xx/Include -I../Drivers/CMSIS/Include -O0 -ffunction-sections -fdata-sections -Wall -fstack-usage -fcyclomatic-complexity -MMD -MP -MF"Core/Src/main.d" -MT"Core/Src/main.o" --specs=nano.specs -mfpu=fpv4-sp-d16 -mfloat-abi=hard -mthumb -o "Core/Src/main.o"
../Core/Src/main.c: In function 'main':
../Core/Src/main.c:128:3: warning: implicit declaration of function 'ajustaTimers' [-Wimplicit-function-declaration]
  128 |   ajustaTimers();
      |   ^~~~~~~~~~~~
../Core/Src/main.c:129:3: warning: implicit declaration of function 'calculaLut' [-Wimplicit-function-declaration]
  129 |   calculaLut();
      |   ^~~~~~~~~~
../Core/Src/main.c: At top level:
../Core/Src/main.c:565:6: warning: conflicting types for 'calculaLut'; have 'void(void)'
  565 | void calculaLut(void){
      |      ^~~~~~~~~~
../Core/Src/main.c:129:3: note: previous implicit declaration of 'calculaLut' with type 'void(void)'
  129 |   calculaLut();
      |   ^~~~~~~~~~
../Core/Src/main.c:575:6: warning: conflicting types for 'ajustaTimers'; have 'void(void)'
  575 | void ajustaTimers(void){
      |      ^~~~~~~~~~~~
../Core/Src/main.c:128:3: note: previous implicit declaration of 'ajustaTimers' with type 'void(void)'
  128 |   ajustaTimers();
      |   ^~~~~~~~~~~~
arm-none-eabi-gcc -o "PruebaTFG.elf" @"objects.list"   -mcpu=cortex-m4 -T"C:\Users\salva\Desktop\GitTFG\workspace\PruebaTFG\STM32G474RETX_FLASH.ld" --specs=nosys.specs -Wl,-Map="PruebaTFG.map" -Wl,--gc-sections -static --specs=nano.specs -mfpu=fpv4-sp-d16 -mfloat-abi=hard -mthumb -Wl,--start-group -lc -lm -Wl,--end-group
Finished building target: PruebaTFG.elf
 
arm-none-eabi-size   PruebaTFG.elf 
arm-none-eabi-objdump -h -S  PruebaTFG.elf  > "PruebaTFG.list"
   text	   data	    bss	    dec	    hex	filename
  29072	     32	  10544	  39648	   9ae0	PruebaTFG.elf
Finished building: default.size.stdout
 
Finished building: PruebaTFG.list
 
13:57:16 **** Incremental Build of configuration Debug for project PruebaTFG ****
make -j12 all 
arm-none-eabi-gcc "../Core/Src/main.c" -mcpu=cortex-m4 -std=gnu11 -g3 -DDEBUG -DUSE_HAL_DRIVER -DSTM32G474xx -c -I../Core/Inc -I../Drivers/STM32G4xx_HAL_Driver/Inc -I../Drivers/STM32G4xx_HAL_Driver/Inc/Legacy -I../Drivers/CMSIS/Device/ST/STM32G4xx/Include -I../Drivers/CMSIS/Include -O0 -ffunction-sections -fdata-sections -Wall -fstack-usage -fcyclomatic-complexity -MMD -MP -MF"Core/Src/main.d" -MT"Core/Src/main.o" --specs=nano.specs -mfpu=fpv4-sp-d16 -mfloat-abi=hard -mthumb -o "Core/Src/main.o"
../Core/Src/main.c: In function 'main':
../Core/Src/main.c:128:3: warning: implicit declaration of function 'ajustaTimers' [-Wimplicit-function-declaration]
  128 |   ajustaTimers();
      |   ^~~~~~~~~~~~
../Core/Src/main.c:129:3: warning: implicit declaration of function 'calculaLut' [-Wimplicit-function-declaration]
  129 |   calculaLut();
      |   ^~~~~~~~~~
../Core/Src/main.c: At top level:
../Core/Src/main.c:565:6: warning: conflicting types for 'calculaLut'; have 'void(void)'
  565 | void calculaLut(void){
      |      ^~~~~~~~~~
../Core/Src/main.c:129:3: note: previous implicit declaration of 'calculaLut' with type 'void(void)'
  129 |   calculaLut();
      |   ^~~~~~~~~~
../Core/Src/main.c:575:6: warning: conflicting types for 'ajustaTimers'; have 'void(void)'
  575 | void ajustaTimers(void){
      |      ^~~~~~~~~~~~
../Core/Src/main.c:128:3: note: previous implicit declaration of 'ajustaTimers' with type 'void(void)'
  128 |   ajustaTimers();
      |   ^~~~~~~~~~~~
arm-none-eabi-gcc -o "PruebaTFG.elf" @"objects.list"   -mcpu=cortex-m4 -T"C:\Users\salva\Desktop\GitTFG\workspace\PruebaTFG\STM32G474RETX_FLASH.ld" --specs=nosys.specs -Wl,-Map="PruebaTFG.map" -Wl,--gc-sections -static --specs=nano.specs -mfpu=fpv4-sp-d16 -mfloat-abi=hard -mthumb -Wl,--start-group -lc -lm -Wl,--end-group
Finished building target: PruebaTFG.elf
 
arm-none-eabi-size   PruebaTFG.elf 
arm-none-eabi-objdump -h -S  PruebaTFG.elf  > "PruebaTFG.list"
   text	   data	    bss	    dec	    hex	filename
  29072	     32	  10544	  39648	   9ae0	PruebaTFG.elf
Finished building: default.size.stdout
 
Finished building: PruebaTFG.list
 
14:02:03 **** Incremental Build of configuration Debug for project PruebaTFG ****
make -j12 all 
arm-none-eabi-gcc "../Core/Src/main.c" -mcpu=cortex-m4 -std=gnu11 -g3 -DDEBUG -DUSE_HAL_DRIVER -DSTM32G474xx -c -I../Core/Inc -I../Drivers/STM32G4xx_HAL_Driver/Inc -I../Drivers/STM32G4xx_HAL_Driver/Inc/Legacy -I../Drivers/CMSIS/Device/ST/STM32G4xx/Include -I../Drivers/CMSIS/Include -O0 -ffunction-sections -fdata-sections -Wall -fstack-usage -fcyclomatic-complexity -MMD -MP -MF"Core/Src/main.d" -MT"Core/Src/main.o" --specs=nano.specs -mfpu=fpv4-sp-d16 -mfloat-abi=hard -mthumb -o "Core/Src/main.o"
../Core/Src/main.c: In function 'main':
../Core/Src/main.c:128:3: warning: implicit declaration of function 'ajustaTimers' [-Wimplicit-function-declaration]
  128 |   ajustaTimers();
      |   ^~~~~~~~~~~~
../Core/Src/main.c:129:3: warning: implicit declaration of function 'calculaLut' [-Wimplicit-function-declaration]
  129 |   calculaLut();
      |   ^~~~~~~~~~
../Core/Src/main.c: At top level:
../Core/Src/main.c:565:6: warning: conflicting types for 'calculaLut'; have 'void(void)'
  565 | void calculaLut(void){
      |      ^~~~~~~~~~
../Core/Src/main.c:129:3: note: previous implicit declaration of 'calculaLut' with type 'void(void)'
  129 |   calculaLut();
      |   ^~~~~~~~~~
../Core/Src/main.c:575:6: warning: conflicting types for 'ajustaTimers'; have 'void(void)'
  575 | void ajustaTimers(void){
      |      ^~~~~~~~~~~~
../Core/Src/main.c:128:3: note: previous implicit declaration of 'ajustaTimers' with type 'void(void)'
  128 |   ajustaTimers();
      |   ^~~~~~~~~~~~
arm-none-eabi-gcc -o "PruebaTFG.elf" @"objects.list"   -mcpu=cortex-m4 -T"C:\Users\salva\Desktop\GitTFG\workspace\PruebaTFG\STM32G474RETX_FLASH.ld" --specs=nosys.specs -Wl,-Map="PruebaTFG.map" -Wl,--gc-sections -static --specs=nano.specs -mfpu=fpv4-sp-d16 -mfloat-abi=hard -mthumb -Wl,--start-group -lc -lm -Wl,--end-group
Finished building target: PruebaTFG.elf
 
arm-none-eabi-size   PruebaTFG.elf 
arm-none-eabi-objdump -h -S  PruebaTFG.elf  > "PruebaTFG.list"
   text	   data	    bss	    dec	    hex	filename
  29072	     32	  10544	  39648	   9ae0	PruebaTFG.elf
Finished building: default.size.stdout
 
Finished building: PruebaTFG.list
 
14:04:12 **** Incremental Build of configuration Debug for project PruebaTFG ****
make -j12 all 
arm-none-eabi-gcc "../Core/Src/main.c" -mcpu=cortex-m4 -std=gnu11 -g3 -DDEBUG -DUSE_HAL_DRIVER -DSTM32G474xx -c -I../Core/Inc -I../Drivers/STM32G4xx_HAL_Driver/Inc -I../Drivers/STM32G4xx_HAL_Driver/Inc/Legacy -I../Drivers/CMSIS/Device/ST/STM32G4xx/Include -I../Drivers/CMSIS/Include -O0 -ffunction-sections -fdata-sections -Wall -fstack-usage -fcyclomatic-complexity -MMD -MP -MF"Core/Src/main.d" -MT"Core/Src/main.o" --specs=nano.specs -mfpu=fpv4-sp-d16 -mfloat-abi=hard -mthumb -o "Core/Src/main.o"
../Core/Src/main.c: In function 'main':
../Core/Src/main.c:128:3: warning: implicit declaration of function 'ajustaTimers' [-Wimplicit-function-declaration]
  128 |   ajustaTimers();
      |   ^~~~~~~~~~~~
../Core/Src/main.c:129:3: warning: implicit declaration of function 'calculaLut' [-Wimplicit-function-declaration]
  129 |   calculaLut();
      |   ^~~~~~~~~~
../Core/Src/main.c: At top level:
../Core/Src/main.c:565:6: warning: conflicting types for 'calculaLut'; have 'void(void)'
  565 | void calculaLut(void){
      |      ^~~~~~~~~~
../Core/Src/main.c:129:3: note: previous implicit declaration of 'calculaLut' with type 'void(void)'
  129 |   calculaLut();
      |   ^~~~~~~~~~
../Core/Src/main.c:575:6: warning: conflicting types for 'ajustaTimers'; have 'void(void)'
  575 | void ajustaTimers(void){
      |      ^~~~~~~~~~~~
../Core/Src/main.c:128:3: note: previous implicit declaration of 'ajustaTimers' with type 'void(void)'
  128 |   ajustaTimers();
      |   ^~~~~~~~~~~~
arm-none-eabi-gcc -o "PruebaTFG.elf" @"objects.list"   -mcpu=cortex-m4 -T"C:\Users\salva\Desktop\GitTFG\workspace\PruebaTFG\STM32G474RETX_FLASH.ld" --specs=nosys.specs -Wl,-Map="PruebaTFG.map" -Wl,--gc-sections -static --specs=nano.specs -mfpu=fpv4-sp-d16 -mfloat-abi=hard -mthumb -Wl,--start-group -lc -lm -Wl,--end-group
Finished building target: PruebaTFG.elf
 
arm-none-eabi-size   PruebaTFG.elf 
arm-none-eabi-objdump -h -S  PruebaTFG.elf  > "PruebaTFG.list"
   text	   data	    bss	    dec	    hex	filename
  29072	     32	  10544	  39648	   9ae0	PruebaTFG.elf
Finished building: default.size.stdout
 
Finished building: PruebaTFG.list
 
14:05:32 **** Incremental Build of configuration Debug for project PruebaTFG ****
make -j12 all 
arm-none-eabi-gcc "../Core/Src/main.c" -mcpu=cortex-m4 -std=gnu11 -g3 -DDEBUG -DUSE_HAL_DRIVER -DSTM32G474xx -c -I../Core/Inc -I../Drivers/STM32G4xx_HAL_Driver/Inc -I../Drivers/STM32G4xx_HAL_Driver/Inc/Legacy -I../Drivers/CMSIS/Device/ST/STM32G4xx/Include -I../Drivers/CMSIS/Include -O0 -ffunction-sections -fdata-sections -Wall -fstack-usage -fcyclomatic-complexity -MMD -MP -MF"Core/Src/main.d" -MT"Core/Src/main.o" --specs=nano.specs -mfpu=fpv4-sp-d16 -mfloat-abi=hard -mthumb -o "Core/Src/main.o"
../Core/Src/main.c: In function 'main':
../Core/Src/main.c:128:3: warning: implicit declaration of function 'ajustaTimers' [-Wimplicit-function-declaration]
  128 |   ajustaTimers();
      |   ^~~~~~~~~~~~
../Core/Src/main.c:129:3: warning: implicit declaration of function 'calculaLut' [-Wimplicit-function-declaration]
  129 |   calculaLut();
      |   ^~~~~~~~~~
../Core/Src/main.c: At top level:
../Core/Src/main.c:565:6: warning: conflicting types for 'calculaLut'; have 'void(void)'
  565 | void calculaLut(void){
      |      ^~~~~~~~~~
../Core/Src/main.c:129:3: note: previous implicit declaration of 'calculaLut' with type 'void(void)'
  129 |   calculaLut();
      |   ^~~~~~~~~~
../Core/Src/main.c:575:6: warning: conflicting types for 'ajustaTimers'; have 'void(void)'
  575 | void ajustaTimers(void){
      |      ^~~~~~~~~~~~
../Core/Src/main.c:128:3: note: previous implicit declaration of 'ajustaTimers' with type 'void(void)'
  128 |   ajustaTimers();
      |   ^~~~~~~~~~~~
arm-none-eabi-gcc -o "PruebaTFG.elf" @"objects.list"   -mcpu=cortex-m4 -T"C:\Users\salva\Desktop\GitTFG\workspace\PruebaTFG\STM32G474RETX_FLASH.ld" --specs=nosys.specs -Wl,-Map="PruebaTFG.map" -Wl,--gc-sections -static --specs=nano.specs -mfpu=fpv4-sp-d16 -mfloat-abi=hard -mthumb -Wl,--start-group -lc -lm -Wl,--end-group
Finished building target: PruebaTFG.elf
 
arm-none-eabi-size   PruebaTFG.elf 
arm-none-eabi-objdump -h -S  PruebaTFG.elf  > "PruebaTFG.list"
   text	   data	    bss	    dec	    hex	filename
  29072	     32	  10544	  39648	   9ae0	PruebaTFG.elf
Finished building: default.size.stdout
 
Finished building: PruebaTFG.list
 
14:08:01 **** Incremental Build of configuration Debug for project PruebaTFG ****
make -j12 all 
arm-none-eabi-gcc "../Core/Src/main.c" -mcpu=cortex-m4 -std=gnu11 -g3 -DDEBUG -DUSE_HAL_DRIVER -DSTM32G474xx -c -I../Core/Inc -I../Drivers/STM32G4xx_HAL_Driver/Inc -I../Drivers/STM32G4xx_HAL_Driver/Inc/Legacy -I../Drivers/CMSIS/Device/ST/STM32G4xx/Include -I../Drivers/CMSIS/Include -O0 -ffunction-sections -fdata-sections -Wall -fstack-usage -fcyclomatic-complexity -MMD -MP -MF"Core/Src/main.d" -MT"Core/Src/main.o" --specs=nano.specs -mfpu=fpv4-sp-d16 -mfloat-abi=hard -mthumb -o "Core/Src/main.o"
../Core/Src/main.c: In function 'main':
../Core/Src/main.c:128:3: warning: implicit declaration of function 'ajustaTimers' [-Wimplicit-function-declaration]
  128 |   ajustaTimers();
      |   ^~~~~~~~~~~~
../Core/Src/main.c:129:3: warning: implicit declaration of function 'calculaLut' [-Wimplicit-function-declaration]
  129 |   calculaLut();
      |   ^~~~~~~~~~
../Core/Src/main.c: At top level:
../Core/Src/main.c:565:6: warning: conflicting types for 'calculaLut'; have 'void(void)'
  565 | void calculaLut(void){
      |      ^~~~~~~~~~
../Core/Src/main.c:129:3: note: previous implicit declaration of 'calculaLut' with type 'void(void)'
  129 |   calculaLut();
      |   ^~~~~~~~~~
../Core/Src/main.c:575:6: warning: conflicting types for 'ajustaTimers'; have 'void(void)'
  575 | void ajustaTimers(void){
      |      ^~~~~~~~~~~~
../Core/Src/main.c:128:3: note: previous implicit declaration of 'ajustaTimers' with type 'void(void)'
  128 |   ajustaTimers();
      |   ^~~~~~~~~~~~
arm-none-eabi-gcc -o "PruebaTFG.elf" @"objects.list"   -mcpu=cortex-m4 -T"C:\Users\salva\Desktop\GitTFG\workspace\PruebaTFG\STM32G474RETX_FLASH.ld" --specs=nosys.specs -Wl,-Map="PruebaTFG.map" -Wl,--gc-sections -static --specs=nano.specs -mfpu=fpv4-sp-d16 -mfloat-abi=hard -mthumb -Wl,--start-group -lc -lm -Wl,--end-group
Finished building target: PruebaTFG.elf
 
arm-none-eabi-size   PruebaTFG.elf 
arm-none-eabi-objdump -h -S  PruebaTFG.elf  > "PruebaTFG.list"
   text	   data	    bss	    dec	    hex	filename
  29072	     32	  10544	  39648	   9ae0	PruebaTFG.elf
Finished building: default.size.stdout
 
Finished building: PruebaTFG.list
 
14:11:06 **** Incremental Build of configuration Debug for project PruebaTFG ****
make -j12 all 
arm-none-eabi-gcc "../Core/Src/main.c" -mcpu=cortex-m4 -std=gnu11 -g3 -DDEBUG -DUSE_HAL_DRIVER -DSTM32G474xx -c -I../Core/Inc -I../Drivers/STM32G4xx_HAL_Driver/Inc -I../Drivers/STM32G4xx_HAL_Driver/Inc/Legacy -I../Drivers/CMSIS/Device/ST/STM32G4xx/Include -I../Drivers/CMSIS/Include -O0 -ffunction-sections -fdata-sections -Wall -fstack-usage -fcyclomatic-complexity -MMD -MP -MF"Core/Src/main.d" -MT"Core/Src/main.o" --specs=nano.specs -mfpu=fpv4-sp-d16 -mfloat-abi=hard -mthumb -o "Core/Src/main.o"
../Core/Src/main.c: In function 'main':
../Core/Src/main.c:128:3: warning: implicit declaration of function 'ajustaTimers' [-Wimplicit-function-declaration]
  128 |   ajustaTimers();
      |   ^~~~~~~~~~~~
../Core/Src/main.c:129:3: warning: implicit declaration of function 'calculaLut' [-Wimplicit-function-declaration]
  129 |   calculaLut();
      |   ^~~~~~~~~~
../Core/Src/main.c: At top level:
../Core/Src/main.c:565:6: warning: conflicting types for 'calculaLut'; have 'void(void)'
  565 | void calculaLut(void){
      |      ^~~~~~~~~~
../Core/Src/main.c:129:3: note: previous implicit declaration of 'calculaLut' with type 'void(void)'
  129 |   calculaLut();
      |   ^~~~~~~~~~
../Core/Src/main.c:575:6: warning: conflicting types for 'ajustaTimers'; have 'void(void)'
  575 | void ajustaTimers(void){
      |      ^~~~~~~~~~~~
../Core/Src/main.c:128:3: note: previous implicit declaration of 'ajustaTimers' with type 'void(void)'
  128 |   ajustaTimers();
      |   ^~~~~~~~~~~~
arm-none-eabi-gcc -o "PruebaTFG.elf" @"objects.list"   -mcpu=cortex-m4 -T"C:\Users\salva\Desktop\GitTFG\workspace\PruebaTFG\STM32G474RETX_FLASH.ld" --specs=nosys.specs -Wl,-Map="PruebaTFG.map" -Wl,--gc-sections -static --specs=nano.specs -mfpu=fpv4-sp-d16 -mfloat-abi=hard -mthumb -Wl,--start-group -lc -lm -Wl,--end-group
Finished building target: PruebaTFG.elf
 
arm-none-eabi-size   PruebaTFG.elf 
arm-none-eabi-objdump -h -S  PruebaTFG.elf  > "PruebaTFG.list"
   text	   data	    bss	    dec	    hex	filename
  29072	     32	  10544	  39648	   9ae0	PruebaTFG.elf
Finished building: default.size.stdout
 
Finished building: PruebaTFG.list
 
14:12:31 **** Incremental Build of configuration Debug for project PruebaTFG ****
make -j12 all 
arm-none-eabi-gcc "../Core/Src/main.c" -mcpu=cortex-m4 -std=gnu11 -g3 -DDEBUG -DUSE_HAL_DRIVER -DSTM32G474xx -c -I../Core/Inc -I../Drivers/STM32G4xx_HAL_Driver/Inc -I../Drivers/STM32G4xx_HAL_Driver/Inc/Legacy -I../Drivers/CMSIS/Device/ST/STM32G4xx/Include -I../Drivers/CMSIS/Include -O0 -ffunction-sections -fdata-sections -Wall -fstack-usage -fcyclomatic-complexity -MMD -MP -MF"Core/Src/main.d" -MT"Core/Src/main.o" --specs=nano.specs -mfpu=fpv4-sp-d16 -mfloat-abi=hard -mthumb -o "Core/Src/main.o"
../Core/Src/main.c: In function 'main':
../Core/Src/main.c:128:3: warning: implicit declaration of function 'ajustaTimers' [-Wimplicit-function-declaration]
  128 |   ajustaTimers();
      |   ^~~~~~~~~~~~
../Core/Src/main.c:129:3: warning: implicit declaration of function 'calculaLut' [-Wimplicit-function-declaration]
  129 |   calculaLut();
      |   ^~~~~~~~~~
../Core/Src/main.c: At top level:
../Core/Src/main.c:565:6: warning: conflicting types for 'calculaLut'; have 'void(void)'
  565 | void calculaLut(void){
      |      ^~~~~~~~~~
../Core/Src/main.c:129:3: note: previous implicit declaration of 'calculaLut' with type 'void(void)'
  129 |   calculaLut();
      |   ^~~~~~~~~~
../Core/Src/main.c:575:6: warning: conflicting types for 'ajustaTimers'; have 'void(void)'
  575 | void ajustaTimers(void){
      |      ^~~~~~~~~~~~
../Core/Src/main.c:128:3: note: previous implicit declaration of 'ajustaTimers' with type 'void(void)'
  128 |   ajustaTimers();
      |   ^~~~~~~~~~~~
arm-none-eabi-gcc -o "PruebaTFG.elf" @"objects.list"   -mcpu=cortex-m4 -T"C:\Users\salva\Desktop\GitTFG\workspace\PruebaTFG\STM32G474RETX_FLASH.ld" --specs=nosys.specs -Wl,-Map="PruebaTFG.map" -Wl,--gc-sections -static --specs=nano.specs -mfpu=fpv4-sp-d16 -mfloat-abi=hard -mthumb -Wl,--start-group -lc -lm -Wl,--end-group
Finished building target: PruebaTFG.elf
 
arm-none-eabi-size   PruebaTFG.elf 
arm-none-eabi-objdump -h -S  PruebaTFG.elf  > "PruebaTFG.list"
   text	   data	    bss	    dec	    hex	filename
  29072	     32	  10544	  39648	   9ae0	PruebaTFG.elf
Finished building: default.size.stdout
 
Finished building: PruebaTFG.list
 
14:13:33 **** Incremental Build of configuration Debug for project PruebaTFG ****
make -j12 all 
arm-none-eabi-gcc "../Core/Src/main.c" -mcpu=cortex-m4 -std=gnu11 -g3 -DDEBUG -DUSE_HAL_DRIVER -DSTM32G474xx -c -I../Core/Inc -I../Drivers/STM32G4xx_HAL_Driver/Inc -I../Drivers/STM32G4xx_HAL_Driver/Inc/Legacy -I../Drivers/CMSIS/Device/ST/STM32G4xx/Include -I../Drivers/CMSIS/Include -O0 -ffunction-sections -fdata-sections -Wall -fstack-usage -fcyclomatic-complexity -MMD -MP -MF"Core/Src/main.d" -MT"Core/Src/main.o" --specs=nano.specs -mfpu=fpv4-sp-d16 -mfloat-abi=hard -mthumb -o "Core/Src/main.o"
../Core/Src/main.c: In function 'main':
../Core/Src/main.c:128:3: warning: implicit declaration of function 'ajustaTimers' [-Wimplicit-function-declaration]
  128 |   ajustaTimers();
      |   ^~~~~~~~~~~~
../Core/Src/main.c:129:3: warning: implicit declaration of function 'calculaLut' [-Wimplicit-function-declaration]
  129 |   calculaLut();
      |   ^~~~~~~~~~
../Core/Src/main.c: At top level:
../Core/Src/main.c:565:6: warning: conflicting types for 'calculaLut'; have 'void(void)'
  565 | void calculaLut(void){
      |      ^~~~~~~~~~
../Core/Src/main.c:129:3: note: previous implicit declaration of 'calculaLut' with type 'void(void)'
  129 |   calculaLut();
      |   ^~~~~~~~~~
../Core/Src/main.c:575:6: warning: conflicting types for 'ajustaTimers'; have 'void(void)'
  575 | void ajustaTimers(void){
      |      ^~~~~~~~~~~~
../Core/Src/main.c:128:3: note: previous implicit declaration of 'ajustaTimers' with type 'void(void)'
  128 |   ajustaTimers();
      |   ^~~~~~~~~~~~
arm-none-eabi-gcc -o "PruebaTFG.elf" @"objects.list"   -mcpu=cortex-m4 -T"C:\Users\salva\Desktop\GitTFG\workspace\PruebaTFG\STM32G474RETX_FLASH.ld" --specs=nosys.specs -Wl,-Map="PruebaTFG.map" -Wl,--gc-sections -static --specs=nano.specs -mfpu=fpv4-sp-d16 -mfloat-abi=hard -mthumb -Wl,--start-group -lc -lm -Wl,--end-group
Finished building target: PruebaTFG.elf
 
arm-none-eabi-size   PruebaTFG.elf 
arm-none-eabi-objdump -h -S  PruebaTFG.elf  > "PruebaTFG.list"
   text	   data	    bss	    dec	    hex	filename
  29072	     32	  10544	  39648	   9ae0	PruebaTFG.elf
Finished building: default.size.stdout
 
Finished building: PruebaTFG.list
 
14:15:09 **** Incremental Build of configuration Debug for project PruebaTFG ****
make -j12 all 
arm-none-eabi-gcc "../Core/Src/main.c" -mcpu=cortex-m4 -std=gnu11 -g3 -DDEBUG -DUSE_HAL_DRIVER -DSTM32G474xx -c -I../Core/Inc -I../Drivers/STM32G4xx_HAL_Driver/Inc -I../Drivers/STM32G4xx_HAL_Driver/Inc/Legacy -I../Drivers/CMSIS/Device/ST/STM32G4xx/Include -I../Drivers/CMSIS/Include -O0 -ffunction-sections -fdata-sections -Wall -fstack-usage -fcyclomatic-complexity -MMD -MP -MF"Core/Src/main.d" -MT"Core/Src/main.o" --specs=nano.specs -mfpu=fpv4-sp-d16 -mfloat-abi=hard -mthumb -o "Core/Src/main.o"
../Core/Src/main.c: In function 'main':
../Core/Src/main.c:128:3: warning: implicit declaration of function 'ajustaTimers' [-Wimplicit-function-declaration]
  128 |   ajustaTimers();
      |   ^~~~~~~~~~~~
../Core/Src/main.c:129:3: warning: implicit declaration of function 'calculaLut' [-Wimplicit-function-declaration]
  129 |   calculaLut();
      |   ^~~~~~~~~~
../Core/Src/main.c: At top level:
../Core/Src/main.c:565:6: warning: conflicting types for 'calculaLut'; have 'void(void)'
  565 | void calculaLut(void){
      |      ^~~~~~~~~~
../Core/Src/main.c:129:3: note: previous implicit declaration of 'calculaLut' with type 'void(void)'
  129 |   calculaLut();
      |   ^~~~~~~~~~
../Core/Src/main.c:575:6: warning: conflicting types for 'ajustaTimers'; have 'void(void)'
  575 | void ajustaTimers(void){
      |      ^~~~~~~~~~~~
../Core/Src/main.c:128:3: note: previous implicit declaration of 'ajustaTimers' with type 'void(void)'
  128 |   ajustaTimers();
      |   ^~~~~~~~~~~~
arm-none-eabi-gcc -o "PruebaTFG.elf" @"objects.list"   -mcpu=cortex-m4 -T"C:\Users\salva\Desktop\GitTFG\workspace\PruebaTFG\STM32G474RETX_FLASH.ld" --specs=nosys.specs -Wl,-Map="PruebaTFG.map" -Wl,--gc-sections -static --specs=nano.specs -mfpu=fpv4-sp-d16 -mfloat-abi=hard -mthumb -Wl,--start-group -lc -lm -Wl,--end-group
Finished building target: PruebaTFG.elf
 
arm-none-eabi-size   PruebaTFG.elf 
arm-none-eabi-objdump -h -S  PruebaTFG.elf  > "PruebaTFG.list"
   text	   data	    bss	    dec	    hex	filename
  29072	     32	  10544	  39648	   9ae0	PruebaTFG.elf
Finished building: default.size.stdout
 
Finished building: PruebaTFG.list
 
14:15:46 **** Incremental Build of configuration Debug for project PruebaTFG ****
make -j12 all 
arm-none-eabi-gcc "../Core/Src/main.c" -mcpu=cortex-m4 -std=gnu11 -g3 -DDEBUG -DUSE_HAL_DRIVER -DSTM32G474xx -c -I../Core/Inc -I../Drivers/STM32G4xx_HAL_Driver/Inc -I../Drivers/STM32G4xx_HAL_Driver/Inc/Legacy -I../Drivers/CMSIS/Device/ST/STM32G4xx/Include -I../Drivers/CMSIS/Include -O0 -ffunction-sections -fdata-sections -Wall -fstack-usage -fcyclomatic-complexity -MMD -MP -MF"Core/Src/main.d" -MT"Core/Src/main.o" --specs=nano.specs -mfpu=fpv4-sp-d16 -mfloat-abi=hard -mthumb -o "Core/Src/main.o"
../Core/Src/main.c: In function 'main':
../Core/Src/main.c:128:3: warning: implicit declaration of function 'ajustaTimers' [-Wimplicit-function-declaration]
  128 |   ajustaTimers();
      |   ^~~~~~~~~~~~
../Core/Src/main.c:129:3: warning: implicit declaration of function 'calculaLut' [-Wimplicit-function-declaration]
  129 |   calculaLut();
      |   ^~~~~~~~~~
../Core/Src/main.c: At top level:
../Core/Src/main.c:565:6: warning: conflicting types for 'calculaLut'; have 'void(void)'
  565 | void calculaLut(void){
      |      ^~~~~~~~~~
../Core/Src/main.c:129:3: note: previous implicit declaration of 'calculaLut' with type 'void(void)'
  129 |   calculaLut();
      |   ^~~~~~~~~~
../Core/Src/main.c:575:6: warning: conflicting types for 'ajustaTimers'; have 'void(void)'
  575 | void ajustaTimers(void){
      |      ^~~~~~~~~~~~
../Core/Src/main.c:128:3: note: previous implicit declaration of 'ajustaTimers' with type 'void(void)'
  128 |   ajustaTimers();
      |   ^~~~~~~~~~~~
arm-none-eabi-gcc -o "PruebaTFG.elf" @"objects.list"   -mcpu=cortex-m4 -T"C:\Users\salva\Desktop\GitTFG\workspace\PruebaTFG\STM32G474RETX_FLASH.ld" --specs=nosys.specs -Wl,-Map="PruebaTFG.map" -Wl,--gc-sections -static --specs=nano.specs -mfpu=fpv4-sp-d16 -mfloat-abi=hard -mthumb -Wl,--start-group -lc -lm -Wl,--end-group
Finished building target: PruebaTFG.elf
 
arm-none-eabi-size   PruebaTFG.elf 
arm-none-eabi-objdump -h -S  PruebaTFG.elf  > "PruebaTFG.list"
   text	   data	    bss	    dec	    hex	filename
  29072	     32	  10544	  39648	   9ae0	PruebaTFG.elf
Finished building: default.size.stdout
 
Finished building: PruebaTFG.list
 
14:17:18 **** Incremental Build of configuration Debug for project PruebaTFG ****
make -j12 all 
arm-none-eabi-gcc "../Core/Src/main.c" -mcpu=cortex-m4 -std=gnu11 -g3 -DDEBUG -DUSE_HAL_DRIVER -DSTM32G474xx -c -I../Core/Inc -I../Drivers/STM32G4xx_HAL_Driver/Inc -I../Drivers/STM32G4xx_HAL_Driver/Inc/Legacy -I../Drivers/CMSIS/Device/ST/STM32G4xx/Include -I../Drivers/CMSIS/Include -O0 -ffunction-sections -fdata-sections -Wall -fstack-usage -fcyclomatic-complexity -MMD -MP -MF"Core/Src/main.d" -MT"Core/Src/main.o" --specs=nano.specs -mfpu=fpv4-sp-d16 -mfloat-abi=hard -mthumb -o "Core/Src/main.o"
../Core/Src/main.c: In function 'main':
../Core/Src/main.c:128:3: warning: implicit declaration of function 'ajustaTimers' [-Wimplicit-function-declaration]
  128 |   ajustaTimers();
      |   ^~~~~~~~~~~~
../Core/Src/main.c:129:3: warning: implicit declaration of function 'calculaLut' [-Wimplicit-function-declaration]
  129 |   calculaLut();
      |   ^~~~~~~~~~
../Core/Src/main.c: At top level:
../Core/Src/main.c:565:6: warning: conflicting types for 'calculaLut'; have 'void(void)'
  565 | void calculaLut(void){
      |      ^~~~~~~~~~
../Core/Src/main.c:129:3: note: previous implicit declaration of 'calculaLut' with type 'void(void)'
  129 |   calculaLut();
      |   ^~~~~~~~~~
../Core/Src/main.c:575:6: warning: conflicting types for 'ajustaTimers'; have 'void(void)'
  575 | void ajustaTimers(void){
      |      ^~~~~~~~~~~~
../Core/Src/main.c:128:3: note: previous implicit declaration of 'ajustaTimers' with type 'void(void)'
  128 |   ajustaTimers();
      |   ^~~~~~~~~~~~
arm-none-eabi-gcc -o "PruebaTFG.elf" @"objects.list"   -mcpu=cortex-m4 -T"C:\Users\salva\Desktop\GitTFG\workspace\PruebaTFG\STM32G474RETX_FLASH.ld" --specs=nosys.specs -Wl,-Map="PruebaTFG.map" -Wl,--gc-sections -static --specs=nano.specs -mfpu=fpv4-sp-d16 -mfloat-abi=hard -mthumb -Wl,--start-group -lc -lm -Wl,--end-group
Finished building target: PruebaTFG.elf
 
arm-none-eabi-size   PruebaTFG.elf 
arm-none-eabi-objdump -h -S  PruebaTFG.elf  > "PruebaTFG.list"
   text	   data	    bss	    dec	    hex	filename
  29072	     32	  10544	  39648	   9ae0	PruebaTFG.elf
Finished building: default.size.stdout
 
Finished building: PruebaTFG.list
 
14:17:45 **** Incremental Build of configuration Debug for project PruebaTFG ****
make -j12 all 
arm-none-eabi-size   PruebaTFG.elf 
   text	   data	    bss	    dec	    hex	filename
  29072	     32	  10544	  39648	   9ae0	PruebaTFG.elf
Finished building: default.size.stdout
 
14:18:17 **** Incremental Build of configuration Debug for project PruebaTFG ****
make -j12 all 
arm-none-eabi-gcc "../Core/Src/main.c" -mcpu=cortex-m4 -std=gnu11 -g3 -DDEBUG -DUSE_HAL_DRIVER -DSTM32G474xx -c -I../Core/Inc -I../Drivers/STM32G4xx_HAL_Driver/Inc -I../Drivers/STM32G4xx_HAL_Driver/Inc/Legacy -I../Drivers/CMSIS/Device/ST/STM32G4xx/Include -I../Drivers/CMSIS/Include -O0 -ffunction-sections -fdata-sections -Wall -fstack-usage -fcyclomatic-complexity -MMD -MP -MF"Core/Src/main.d" -MT"Core/Src/main.o" --specs=nano.specs -mfpu=fpv4-sp-d16 -mfloat-abi=hard -mthumb -o "Core/Src/main.o"
../Core/Src/main.c: In function 'main':
../Core/Src/main.c:128:3: warning: implicit declaration of function 'ajustaTimers' [-Wimplicit-function-declaration]
  128 |   ajustaTimers();
      |   ^~~~~~~~~~~~
../Core/Src/main.c:129:3: warning: implicit declaration of function 'calculaLut' [-Wimplicit-function-declaration]
  129 |   calculaLut();
      |   ^~~~~~~~~~
../Core/Src/main.c: At top level:
../Core/Src/main.c:565:6: warning: conflicting types for 'calculaLut'; have 'void(void)'
  565 | void calculaLut(void){
      |      ^~~~~~~~~~
../Core/Src/main.c:129:3: note: previous implicit declaration of 'calculaLut' with type 'void(void)'
  129 |   calculaLut();
      |   ^~~~~~~~~~
../Core/Src/main.c:575:6: warning: conflicting types for 'ajustaTimers'; have 'void(void)'
  575 | void ajustaTimers(void){
      |      ^~~~~~~~~~~~
../Core/Src/main.c:128:3: note: previous implicit declaration of 'ajustaTimers' with type 'void(void)'
  128 |   ajustaTimers();
      |   ^~~~~~~~~~~~
arm-none-eabi-gcc -o "PruebaTFG.elf" @"objects.list"   -mcpu=cortex-m4 -T"C:\Users\salva\Desktop\GitTFG\workspace\PruebaTFG\STM32G474RETX_FLASH.ld" --specs=nosys.specs -Wl,-Map="PruebaTFG.map" -Wl,--gc-sections -static --specs=nano.specs -mfpu=fpv4-sp-d16 -mfloat-abi=hard -mthumb -Wl,--start-group -lc -lm -Wl,--end-group
Finished building target: PruebaTFG.elf
 
arm-none-eabi-size   PruebaTFG.elf 
arm-none-eabi-objdump -h -S  PruebaTFG.elf  > "PruebaTFG.list"
   text	   data	    bss	    dec	    hex	filename
  29072	     32	  10544	  39648	   9ae0	PruebaTFG.elf
Finished building: default.size.stdout
 
Finished building: PruebaTFG.list
 
14:18:37 **** Incremental Build of configuration Debug for project PruebaTFG ****
make -j12 all 
arm-none-eabi-gcc "../Core/Src/main.c" -mcpu=cortex-m4 -std=gnu11 -g3 -DDEBUG -DUSE_HAL_DRIVER -DSTM32G474xx -c -I../Core/Inc -I../Drivers/STM32G4xx_HAL_Driver/Inc -I../Drivers/STM32G4xx_HAL_Driver/Inc/Legacy -I../Drivers/CMSIS/Device/ST/STM32G4xx/Include -I../Drivers/CMSIS/Include -O0 -ffunction-sections -fdata-sections -Wall -fstack-usage -fcyclomatic-complexity -MMD -MP -MF"Core/Src/main.d" -MT"Core/Src/main.o" --specs=nano.specs -mfpu=fpv4-sp-d16 -mfloat-abi=hard -mthumb -o "Core/Src/main.o"
../Core/Src/main.c: In function 'main':
../Core/Src/main.c:128:3: warning: implicit declaration of function 'ajustaTimers' [-Wimplicit-function-declaration]
  128 |   ajustaTimers();
      |   ^~~~~~~~~~~~
../Core/Src/main.c:129:3: warning: implicit declaration of function 'calculaLut' [-Wimplicit-function-declaration]
  129 |   calculaLut();
      |   ^~~~~~~~~~
../Core/Src/main.c: At top level:
../Core/Src/main.c:565:6: warning: conflicting types for 'calculaLut'; have 'void(void)'
  565 | void calculaLut(void){
      |      ^~~~~~~~~~
../Core/Src/main.c:129:3: note: previous implicit declaration of 'calculaLut' with type 'void(void)'
  129 |   calculaLut();
      |   ^~~~~~~~~~
../Core/Src/main.c:575:6: warning: conflicting types for 'ajustaTimers'; have 'void(void)'
  575 | void ajustaTimers(void){
      |      ^~~~~~~~~~~~
../Core/Src/main.c:128:3: note: previous implicit declaration of 'ajustaTimers' with type 'void(void)'
  128 |   ajustaTimers();
      |   ^~~~~~~~~~~~
arm-none-eabi-gcc -o "PruebaTFG.elf" @"objects.list"   -mcpu=cortex-m4 -T"C:\Users\salva\Desktop\GitTFG\workspace\PruebaTFG\STM32G474RETX_FLASH.ld" --specs=nosys.specs -Wl,-Map="PruebaTFG.map" -Wl,--gc-sections -static --specs=nano.specs -mfpu=fpv4-sp-d16 -mfloat-abi=hard -mthumb -Wl,--start-group -lc -lm -Wl,--end-group
Finished building target: PruebaTFG.elf
 
arm-none-eabi-size   PruebaTFG.elf 
arm-none-eabi-objdump -h -S  PruebaTFG.elf  > "PruebaTFG.list"
   text	   data	    bss	    dec	    hex	filename
  29072	     32	  10544	  39648	   9ae0	PruebaTFG.elf
Finished building: default.size.stdout
 
Finished building: PruebaTFG.list
 
14:19:08 **** Incremental Build of configuration Debug for project PruebaTFG ****
make -j12 all 
arm-none-eabi-gcc "../Core/Src/main.c" -mcpu=cortex-m4 -std=gnu11 -g3 -DDEBUG -DUSE_HAL_DRIVER -DSTM32G474xx -c -I../Core/Inc -I../Drivers/STM32G4xx_HAL_Driver/Inc -I../Drivers/STM32G4xx_HAL_Driver/Inc/Legacy -I../Drivers/CMSIS/Device/ST/STM32G4xx/Include -I../Drivers/CMSIS/Include -O0 -ffunction-sections -fdata-sections -Wall -fstack-usage -fcyclomatic-complexity -MMD -MP -MF"Core/Src/main.d" -MT"Core/Src/main.o" --specs=nano.specs -mfpu=fpv4-sp-d16 -mfloat-abi=hard -mthumb -o "Core/Src/main.o"
../Core/Src/main.c: In function 'main':
../Core/Src/main.c:128:3: warning: implicit declaration of function 'ajustaTimers' [-Wimplicit-function-declaration]
  128 |   ajustaTimers();
      |   ^~~~~~~~~~~~
../Core/Src/main.c:129:3: warning: implicit declaration of function 'calculaLut' [-Wimplicit-function-declaration]
  129 |   calculaLut();
      |   ^~~~~~~~~~
../Core/Src/main.c: At top level:
../Core/Src/main.c:565:6: warning: conflicting types for 'calculaLut'; have 'void(void)'
  565 | void calculaLut(void){
      |      ^~~~~~~~~~
../Core/Src/main.c:129:3: note: previous implicit declaration of 'calculaLut' with type 'void(void)'
  129 |   calculaLut();
      |   ^~~~~~~~~~
../Core/Src/main.c:575:6: warning: conflicting types for 'ajustaTimers'; have 'void(void)'
  575 | void ajustaTimers(void){
      |      ^~~~~~~~~~~~
../Core/Src/main.c:128:3: note: previous implicit declaration of 'ajustaTimers' with type 'void(void)'
  128 |   ajustaTimers();
      |   ^~~~~~~~~~~~
arm-none-eabi-gcc -o "PruebaTFG.elf" @"objects.list"   -mcpu=cortex-m4 -T"C:\Users\salva\Desktop\GitTFG\workspace\PruebaTFG\STM32G474RETX_FLASH.ld" --specs=nosys.specs -Wl,-Map="PruebaTFG.map" -Wl,--gc-sections -static --specs=nano.specs -mfpu=fpv4-sp-d16 -mfloat-abi=hard -mthumb -Wl,--start-group -lc -lm -Wl,--end-group
Finished building target: PruebaTFG.elf
 
arm-none-eabi-size   PruebaTFG.elf 
arm-none-eabi-objdump -h -S  PruebaTFG.elf  > "PruebaTFG.list"
   text	   data	    bss	    dec	    hex	filename
  29072	     32	  10544	  39648	   9ae0	PruebaTFG.elf
Finished building: default.size.stdout
 
Finished building: PruebaTFG.list
 
14:21:03 **** Incremental Build of configuration Debug for project PruebaTFG ****
make -j12 all 
arm-none-eabi-gcc "../Core/Src/main.c" -mcpu=cortex-m4 -std=gnu11 -g3 -DDEBUG -DUSE_HAL_DRIVER -DSTM32G474xx -c -I../Core/Inc -I../Drivers/STM32G4xx_HAL_Driver/Inc -I../Drivers/STM32G4xx_HAL_Driver/Inc/Legacy -I../Drivers/CMSIS/Device/ST/STM32G4xx/Include -I../Drivers/CMSIS/Include -O0 -ffunction-sections -fdata-sections -Wall -fstack-usage -fcyclomatic-complexity -MMD -MP -MF"Core/Src/main.d" -MT"Core/Src/main.o" --specs=nano.specs -mfpu=fpv4-sp-d16 -mfloat-abi=hard -mthumb -o "Core/Src/main.o"
../Core/Src/main.c: In function 'main':
../Core/Src/main.c:128:3: warning: implicit declaration of function 'ajustaTimers' [-Wimplicit-function-declaration]
  128 |   ajustaTimers();
      |   ^~~~~~~~~~~~
../Core/Src/main.c:129:3: warning: implicit declaration of function 'calculaLut' [-Wimplicit-function-declaration]
  129 |   calculaLut();
      |   ^~~~~~~~~~
../Core/Src/main.c: At top level:
../Core/Src/main.c:565:6: warning: conflicting types for 'calculaLut'; have 'void(void)'
  565 | void calculaLut(void){
      |      ^~~~~~~~~~
../Core/Src/main.c:129:3: note: previous implicit declaration of 'calculaLut' with type 'void(void)'
  129 |   calculaLut();
      |   ^~~~~~~~~~
../Core/Src/main.c:575:6: warning: conflicting types for 'ajustaTimers'; have 'void(void)'
  575 | void ajustaTimers(void){
      |      ^~~~~~~~~~~~
../Core/Src/main.c:128:3: note: previous implicit declaration of 'ajustaTimers' with type 'void(void)'
  128 |   ajustaTimers();
      |   ^~~~~~~~~~~~
arm-none-eabi-gcc -o "PruebaTFG.elf" @"objects.list"   -mcpu=cortex-m4 -T"C:\Users\salva\Desktop\GitTFG\workspace\PruebaTFG\STM32G474RETX_FLASH.ld" --specs=nosys.specs -Wl,-Map="PruebaTFG.map" -Wl,--gc-sections -static --specs=nano.specs -mfpu=fpv4-sp-d16 -mfloat-abi=hard -mthumb -Wl,--start-group -lc -lm -Wl,--end-group
Finished building target: PruebaTFG.elf
 
arm-none-eabi-size   PruebaTFG.elf 
arm-none-eabi-objdump -h -S  PruebaTFG.elf  > "PruebaTFG.list"
   text	   data	    bss	    dec	    hex	filename
  29072	     32	  10544	  39648	   9ae0	PruebaTFG.elf
Finished building: default.size.stdout
 
Finished building: PruebaTFG.list
 
14:22:23 **** Incremental Build of configuration Debug for project PruebaTFG ****
make -j12 all 
arm-none-eabi-gcc "../Core/Src/main.c" -mcpu=cortex-m4 -std=gnu11 -g3 -DDEBUG -DUSE_HAL_DRIVER -DSTM32G474xx -c -I../Core/Inc -I../Drivers/STM32G4xx_HAL_Driver/Inc -I../Drivers/STM32G4xx_HAL_Driver/Inc/Legacy -I../Drivers/CMSIS/Device/ST/STM32G4xx/Include -I../Drivers/CMSIS/Include -O0 -ffunction-sections -fdata-sections -Wall -fstack-usage -fcyclomatic-complexity -MMD -MP -MF"Core/Src/main.d" -MT"Core/Src/main.o" --specs=nano.specs -mfpu=fpv4-sp-d16 -mfloat-abi=hard -mthumb -o "Core/Src/main.o"
../Core/Src/main.c: In function 'main':
../Core/Src/main.c:128:3: warning: implicit declaration of function 'ajustaTimers' [-Wimplicit-function-declaration]
  128 |   ajustaTimers();
      |   ^~~~~~~~~~~~
../Core/Src/main.c:129:3: warning: implicit declaration of function 'calculaLut' [-Wimplicit-function-declaration]
  129 |   calculaLut();
      |   ^~~~~~~~~~
../Core/Src/main.c: At top level:
../Core/Src/main.c:565:6: warning: conflicting types for 'calculaLut'; have 'void(void)'
  565 | void calculaLut(void){
      |      ^~~~~~~~~~
../Core/Src/main.c:129:3: note: previous implicit declaration of 'calculaLut' with type 'void(void)'
  129 |   calculaLut();
      |   ^~~~~~~~~~
../Core/Src/main.c:575:6: warning: conflicting types for 'ajustaTimers'; have 'void(void)'
  575 | void ajustaTimers(void){
      |      ^~~~~~~~~~~~
../Core/Src/main.c:128:3: note: previous implicit declaration of 'ajustaTimers' with type 'void(void)'
  128 |   ajustaTimers();
      |   ^~~~~~~~~~~~
arm-none-eabi-gcc -o "PruebaTFG.elf" @"objects.list"   -mcpu=cortex-m4 -T"C:\Users\salva\Desktop\GitTFG\workspace\PruebaTFG\STM32G474RETX_FLASH.ld" --specs=nosys.specs -Wl,-Map="PruebaTFG.map" -Wl,--gc-sections -static --specs=nano.specs -mfpu=fpv4-sp-d16 -mfloat-abi=hard -mthumb -Wl,--start-group -lc -lm -Wl,--end-group
Finished building target: PruebaTFG.elf
 
arm-none-eabi-size   PruebaTFG.elf 
arm-none-eabi-objdump -h -S  PruebaTFG.elf  > "PruebaTFG.list"
   text	   data	    bss	    dec	    hex	filename
  29072	     32	  10544	  39648	   9ae0	PruebaTFG.elf
Finished building: default.size.stdout
 
Finished building: PruebaTFG.list
 
14:23:56 **** Incremental Build of configuration Debug for project PruebaTFG ****
make -j12 all 
arm-none-eabi-gcc "../Core/Src/main.c" -mcpu=cortex-m4 -std=gnu11 -g3 -DDEBUG -DUSE_HAL_DRIVER -DSTM32G474xx -c -I../Core/Inc -I../Drivers/STM32G4xx_HAL_Driver/Inc -I../Drivers/STM32G4xx_HAL_Driver/Inc/Legacy -I../Drivers/CMSIS/Device/ST/STM32G4xx/Include -I../Drivers/CMSIS/Include -O0 -ffunction-sections -fdata-sections -Wall -fstack-usage -fcyclomatic-complexity -MMD -MP -MF"Core/Src/main.d" -MT"Core/Src/main.o" --specs=nano.specs -mfpu=fpv4-sp-d16 -mfloat-abi=hard -mthumb -o "Core/Src/main.o"
../Core/Src/main.c: In function 'main':
../Core/Src/main.c:128:3: warning: implicit declaration of function 'ajustaTimers' [-Wimplicit-function-declaration]
  128 |   ajustaTimers();
      |   ^~~~~~~~~~~~
../Core/Src/main.c:129:3: warning: implicit declaration of function 'calculaLut' [-Wimplicit-function-declaration]
  129 |   calculaLut();
      |   ^~~~~~~~~~
../Core/Src/main.c: At top level:
../Core/Src/main.c:565:6: warning: conflicting types for 'calculaLut'; have 'void(void)'
  565 | void calculaLut(void){
      |      ^~~~~~~~~~
../Core/Src/main.c:129:3: note: previous implicit declaration of 'calculaLut' with type 'void(void)'
  129 |   calculaLut();
      |   ^~~~~~~~~~
../Core/Src/main.c:575:6: warning: conflicting types for 'ajustaTimers'; have 'void(void)'
  575 | void ajustaTimers(void){
      |      ^~~~~~~~~~~~
../Core/Src/main.c:128:3: note: previous implicit declaration of 'ajustaTimers' with type 'void(void)'
  128 |   ajustaTimers();
      |   ^~~~~~~~~~~~
arm-none-eabi-gcc -o "PruebaTFG.elf" @"objects.list"   -mcpu=cortex-m4 -T"C:\Users\salva\Desktop\GitTFG\workspace\PruebaTFG\STM32G474RETX_FLASH.ld" --specs=nosys.specs -Wl,-Map="PruebaTFG.map" -Wl,--gc-sections -static --specs=nano.specs -mfpu=fpv4-sp-d16 -mfloat-abi=hard -mthumb -Wl,--start-group -lc -lm -Wl,--end-group
Finished building target: PruebaTFG.elf
 
arm-none-eabi-size   PruebaTFG.elf 
arm-none-eabi-objdump -h -S  PruebaTFG.elf  > "PruebaTFG.list"
   text	   data	    bss	    dec	    hex	filename
  29072	     32	  10544	  39648	   9ae0	PruebaTFG.elf
Finished building: default.size.stdout
 
Finished building: PruebaTFG.list
 
14:25:47 **** Incremental Build of configuration Debug for project PruebaTFG ****
make -j12 all 
arm-none-eabi-gcc "../Core/Src/main.c" -mcpu=cortex-m4 -std=gnu11 -g3 -DDEBUG -DUSE_HAL_DRIVER -DSTM32G474xx -c -I../Core/Inc -I../Drivers/STM32G4xx_HAL_Driver/Inc -I../Drivers/STM32G4xx_HAL_Driver/Inc/Legacy -I../Drivers/CMSIS/Device/ST/STM32G4xx/Include -I../Drivers/CMSIS/Include -O0 -ffunction-sections -fdata-sections -Wall -fstack-usage -fcyclomatic-complexity -MMD -MP -MF"Core/Src/main.d" -MT"Core/Src/main.o" --specs=nano.specs -mfpu=fpv4-sp-d16 -mfloat-abi=hard -mthumb -o "Core/Src/main.o"
../Core/Src/main.c: In function 'main':
../Core/Src/main.c:128:3: warning: implicit declaration of function 'ajustaTimers' [-Wimplicit-function-declaration]
  128 |   ajustaTimers();
      |   ^~~~~~~~~~~~
../Core/Src/main.c:129:3: warning: implicit declaration of function 'calculaLut' [-Wimplicit-function-declaration]
  129 |   calculaLut();
      |   ^~~~~~~~~~
../Core/Src/main.c: At top level:
../Core/Src/main.c:565:6: warning: conflicting types for 'calculaLut'; have 'void(void)'
  565 | void calculaLut(void){
      |      ^~~~~~~~~~
../Core/Src/main.c:129:3: note: previous implicit declaration of 'calculaLut' with type 'void(void)'
  129 |   calculaLut();
      |   ^~~~~~~~~~
../Core/Src/main.c:575:6: warning: conflicting types for 'ajustaTimers'; have 'void(void)'
  575 | void ajustaTimers(void){
      |      ^~~~~~~~~~~~
../Core/Src/main.c:128:3: note: previous implicit declaration of 'ajustaTimers' with type 'void(void)'
  128 |   ajustaTimers();
      |   ^~~~~~~~~~~~
arm-none-eabi-gcc -o "PruebaTFG.elf" @"objects.list"   -mcpu=cortex-m4 -T"C:\Users\salva\Desktop\GitTFG\workspace\PruebaTFG\STM32G474RETX_FLASH.ld" --specs=nosys.specs -Wl,-Map="PruebaTFG.map" -Wl,--gc-sections -static --specs=nano.specs -mfpu=fpv4-sp-d16 -mfloat-abi=hard -mthumb -Wl,--start-group -lc -lm -Wl,--end-group
Finished building target: PruebaTFG.elf
 
arm-none-eabi-size   PruebaTFG.elf 
arm-none-eabi-objdump -h -S  PruebaTFG.elf  > "PruebaTFG.list"
   text	   data	    bss	    dec	    hex	filename
  29072	     32	  10544	  39648	   9ae0	PruebaTFG.elf
Finished building: default.size.stdout
 
Finished building: PruebaTFG.list
 
14:26:28 **** Incremental Build of configuration Debug for project PruebaTFG ****
make -j12 all 
arm-none-eabi-gcc "../Core/Src/main.c" -mcpu=cortex-m4 -std=gnu11 -g3 -DDEBUG -DUSE_HAL_DRIVER -DSTM32G474xx -c -I../Core/Inc -I../Drivers/STM32G4xx_HAL_Driver/Inc -I../Drivers/STM32G4xx_HAL_Driver/Inc/Legacy -I../Drivers/CMSIS/Device/ST/STM32G4xx/Include -I../Drivers/CMSIS/Include -O0 -ffunction-sections -fdata-sections -Wall -fstack-usage -fcyclomatic-complexity -MMD -MP -MF"Core/Src/main.d" -MT"Core/Src/main.o" --specs=nano.specs -mfpu=fpv4-sp-d16 -mfloat-abi=hard -mthumb -o "Core/Src/main.o"
../Core/Src/main.c: In function 'main':
../Core/Src/main.c:128:3: warning: implicit declaration of function 'ajustaTimers' [-Wimplicit-function-declaration]
  128 |   ajustaTimers();
      |   ^~~~~~~~~~~~
../Core/Src/main.c:129:3: warning: implicit declaration of function 'calculaLut' [-Wimplicit-function-declaration]
  129 |   calculaLut();
      |   ^~~~~~~~~~
../Core/Src/main.c: At top level:
../Core/Src/main.c:565:6: warning: conflicting types for 'calculaLut'; have 'void(void)'
  565 | void calculaLut(void){
      |      ^~~~~~~~~~
../Core/Src/main.c:129:3: note: previous implicit declaration of 'calculaLut' with type 'void(void)'
  129 |   calculaLut();
      |   ^~~~~~~~~~
../Core/Src/main.c:575:6: warning: conflicting types for 'ajustaTimers'; have 'void(void)'
  575 | void ajustaTimers(void){
      |      ^~~~~~~~~~~~
../Core/Src/main.c:128:3: note: previous implicit declaration of 'ajustaTimers' with type 'void(void)'
  128 |   ajustaTimers();
      |   ^~~~~~~~~~~~
arm-none-eabi-gcc -o "PruebaTFG.elf" @"objects.list"   -mcpu=cortex-m4 -T"C:\Users\salva\Desktop\GitTFG\workspace\PruebaTFG\STM32G474RETX_FLASH.ld" --specs=nosys.specs -Wl,-Map="PruebaTFG.map" -Wl,--gc-sections -static --specs=nano.specs -mfpu=fpv4-sp-d16 -mfloat-abi=hard -mthumb -Wl,--start-group -lc -lm -Wl,--end-group
Finished building target: PruebaTFG.elf
 
arm-none-eabi-size   PruebaTFG.elf 
arm-none-eabi-objdump -h -S  PruebaTFG.elf  > "PruebaTFG.list"
   text	   data	    bss	    dec	    hex	filename
  29072	     32	  10544	  39648	   9ae0	PruebaTFG.elf
Finished building: default.size.stdout
 
Finished building: PruebaTFG.list
 
14:28:22 **** Incremental Build of configuration Debug for project PruebaTFG ****
make -j12 all 
arm-none-eabi-gcc "../Core/Src/main.c" -mcpu=cortex-m4 -std=gnu11 -g3 -DDEBUG -DUSE_HAL_DRIVER -DSTM32G474xx -c -I../Core/Inc -I../Drivers/STM32G4xx_HAL_Driver/Inc -I../Drivers/STM32G4xx_HAL_Driver/Inc/Legacy -I../Drivers/CMSIS/Device/ST/STM32G4xx/Include -I../Drivers/CMSIS/Include -O0 -ffunction-sections -fdata-sections -Wall -fstack-usage -fcyclomatic-complexity -MMD -MP -MF"Core/Src/main.d" -MT"Core/Src/main.o" --specs=nano.specs -mfpu=fpv4-sp-d16 -mfloat-abi=hard -mthumb -o "Core/Src/main.o"
../Core/Src/main.c: In function 'main':
../Core/Src/main.c:128:3: warning: implicit declaration of function 'ajustaTimers' [-Wimplicit-function-declaration]
  128 |   ajustaTimers();
      |   ^~~~~~~~~~~~
../Core/Src/main.c:129:3: warning: implicit declaration of function 'calculaLut' [-Wimplicit-function-declaration]
  129 |   calculaLut();
      |   ^~~~~~~~~~
../Core/Src/main.c: At top level:
../Core/Src/main.c:565:6: warning: conflicting types for 'calculaLut'; have 'void(void)'
  565 | void calculaLut(void){
      |      ^~~~~~~~~~
../Core/Src/main.c:129:3: note: previous implicit declaration of 'calculaLut' with type 'void(void)'
  129 |   calculaLut();
      |   ^~~~~~~~~~
../Core/Src/main.c:575:6: warning: conflicting types for 'ajustaTimers'; have 'void(void)'
  575 | void ajustaTimers(void){
      |      ^~~~~~~~~~~~
../Core/Src/main.c:128:3: note: previous implicit declaration of 'ajustaTimers' with type 'void(void)'
  128 |   ajustaTimers();
      |   ^~~~~~~~~~~~
arm-none-eabi-gcc -o "PruebaTFG.elf" @"objects.list"   -mcpu=cortex-m4 -T"C:\Users\salva\Desktop\GitTFG\workspace\PruebaTFG\STM32G474RETX_FLASH.ld" --specs=nosys.specs -Wl,-Map="PruebaTFG.map" -Wl,--gc-sections -static --specs=nano.specs -mfpu=fpv4-sp-d16 -mfloat-abi=hard -mthumb -Wl,--start-group -lc -lm -Wl,--end-group
Finished building target: PruebaTFG.elf
 
arm-none-eabi-size   PruebaTFG.elf 
arm-none-eabi-objdump -h -S  PruebaTFG.elf  > "PruebaTFG.list"
   text	   data	    bss	    dec	    hex	filename
  29072	     32	  10544	  39648	   9ae0	PruebaTFG.elf
Finished building: default.size.stdout
 
Finished building: PruebaTFG.list
 
14:29:03 **** Incremental Build of configuration Debug for project PruebaTFG ****
make -j12 all 
arm-none-eabi-gcc "../Core/Src/main.c" -mcpu=cortex-m4 -std=gnu11 -g3 -DDEBUG -DUSE_HAL_DRIVER -DSTM32G474xx -c -I../Core/Inc -I../Drivers/STM32G4xx_HAL_Driver/Inc -I../Drivers/STM32G4xx_HAL_Driver/Inc/Legacy -I../Drivers/CMSIS/Device/ST/STM32G4xx/Include -I../Drivers/CMSIS/Include -O0 -ffunction-sections -fdata-sections -Wall -fstack-usage -fcyclomatic-complexity -MMD -MP -MF"Core/Src/main.d" -MT"Core/Src/main.o" --specs=nano.specs -mfpu=fpv4-sp-d16 -mfloat-abi=hard -mthumb -o "Core/Src/main.o"
../Core/Src/main.c: In function 'main':
../Core/Src/main.c:128:3: warning: implicit declaration of function 'ajustaTimers' [-Wimplicit-function-declaration]
  128 |   ajustaTimers();
      |   ^~~~~~~~~~~~
../Core/Src/main.c:129:3: warning: implicit declaration of function 'calculaLut' [-Wimplicit-function-declaration]
  129 |   calculaLut();
      |   ^~~~~~~~~~
../Core/Src/main.c: At top level:
../Core/Src/main.c:565:6: warning: conflicting types for 'calculaLut'; have 'void(void)'
  565 | void calculaLut(void){
      |      ^~~~~~~~~~
../Core/Src/main.c:129:3: note: previous implicit declaration of 'calculaLut' with type 'void(void)'
  129 |   calculaLut();
      |   ^~~~~~~~~~
../Core/Src/main.c:575:6: warning: conflicting types for 'ajustaTimers'; have 'void(void)'
  575 | void ajustaTimers(void){
      |      ^~~~~~~~~~~~
../Core/Src/main.c:128:3: note: previous implicit declaration of 'ajustaTimers' with type 'void(void)'
  128 |   ajustaTimers();
      |   ^~~~~~~~~~~~
arm-none-eabi-gcc -o "PruebaTFG.elf" @"objects.list"   -mcpu=cortex-m4 -T"C:\Users\salva\Desktop\GitTFG\workspace\PruebaTFG\STM32G474RETX_FLASH.ld" --specs=nosys.specs -Wl,-Map="PruebaTFG.map" -Wl,--gc-sections -static --specs=nano.specs -mfpu=fpv4-sp-d16 -mfloat-abi=hard -mthumb -Wl,--start-group -lc -lm -Wl,--end-group
Finished building target: PruebaTFG.elf
 
arm-none-eabi-size   PruebaTFG.elf 
arm-none-eabi-objdump -h -S  PruebaTFG.elf  > "PruebaTFG.list"
   text	   data	    bss	    dec	    hex	filename
  29072	     32	  10544	  39648	   9ae0	PruebaTFG.elf
Finished building: default.size.stdout
 
Finished building: PruebaTFG.list
 
14:46:02 **** Incremental Build of configuration Debug for project PruebaTFG ****
make -j12 all 
arm-none-eabi-gcc "../Core/Src/main.c" -mcpu=cortex-m4 -std=gnu11 -g3 -DDEBUG -DUSE_HAL_DRIVER -DSTM32G474xx -c -I../Core/Inc -I../Drivers/STM32G4xx_HAL_Driver/Inc -I../Drivers/STM32G4xx_HAL_Driver/Inc/Legacy -I../Drivers/CMSIS/Device/ST/STM32G4xx/Include -I../Drivers/CMSIS/Include -O0 -ffunction-sections -fdata-sections -Wall -fstack-usage -fcyclomatic-complexity -MMD -MP -MF"Core/Src/main.d" -MT"Core/Src/main.o" --specs=nano.specs -mfpu=fpv4-sp-d16 -mfloat-abi=hard -mthumb -o "Core/Src/main.o"
../Core/Src/main.c: In function 'main':
../Core/Src/main.c:128:3: warning: implicit declaration of function 'ajustaTimers' [-Wimplicit-function-declaration]
  128 |   ajustaTimers();
      |   ^~~~~~~~~~~~
../Core/Src/main.c:129:3: warning: implicit declaration of function 'calculaLut' [-Wimplicit-function-declaration]
  129 |   calculaLut();
      |   ^~~~~~~~~~
../Core/Src/main.c: At top level:
../Core/Src/main.c:565:6: warning: conflicting types for 'calculaLut'; have 'void(void)'
  565 | void calculaLut(void){
      |      ^~~~~~~~~~
../Core/Src/main.c:129:3: note: previous implicit declaration of 'calculaLut' with type 'void(void)'
  129 |   calculaLut();
      |   ^~~~~~~~~~
../Core/Src/main.c:575:6: warning: conflicting types for 'ajustaTimers'; have 'void(void)'
  575 | void ajustaTimers(void){
      |      ^~~~~~~~~~~~
../Core/Src/main.c:128:3: note: previous implicit declaration of 'ajustaTimers' with type 'void(void)'
  128 |   ajustaTimers();
      |   ^~~~~~~~~~~~
arm-none-eabi-gcc -o "PruebaTFG.elf" @"objects.list"   -mcpu=cortex-m4 -T"C:\Users\salva\Desktop\GitTFG\workspace\PruebaTFG\STM32G474RETX_FLASH.ld" --specs=nosys.specs -Wl,-Map="PruebaTFG.map" -Wl,--gc-sections -static --specs=nano.specs -mfpu=fpv4-sp-d16 -mfloat-abi=hard -mthumb -Wl,--start-group -lc -lm -Wl,--end-group
Finished building target: PruebaTFG.elf
 
arm-none-eabi-size   PruebaTFG.elf 
arm-none-eabi-objdump -h -S  PruebaTFG.elf  > "PruebaTFG.list"
   text	   data	    bss	    dec	    hex	filename
  29072	     32	  10544	  39648	   9ae0	PruebaTFG.elf
Finished building: default.size.stdout
 
Finished building: PruebaTFG.list
 
14:47:53 **** Incremental Build of configuration Debug for project PruebaTFG ****
make -j12 all 
arm-none-eabi-size   PruebaTFG.elf 
   text	   data	    bss	    dec	    hex	filename
  29072	     32	  10544	  39648	   9ae0	PruebaTFG.elf
Finished building: default.size.stdout
 
14:50:02 **** Incremental Build of configuration Debug for project PruebaTFG ****
make -j12 all 
arm-none-eabi-gcc "../Core/Src/main.c" -mcpu=cortex-m4 -std=gnu11 -g3 -DDEBUG -DUSE_HAL_DRIVER -DSTM32G474xx -c -I../Core/Inc -I../Drivers/STM32G4xx_HAL_Driver/Inc -I../Drivers/STM32G4xx_HAL_Driver/Inc/Legacy -I../Drivers/CMSIS/Device/ST/STM32G4xx/Include -I../Drivers/CMSIS/Include -O0 -ffunction-sections -fdata-sections -Wall -fstack-usage -fcyclomatic-complexity -MMD -MP -MF"Core/Src/main.d" -MT"Core/Src/main.o" --specs=nano.specs -mfpu=fpv4-sp-d16 -mfloat-abi=hard -mthumb -o "Core/Src/main.o"
../Core/Src/main.c: In function 'main':
../Core/Src/main.c:128:3: warning: implicit declaration of function 'ajustaTimers' [-Wimplicit-function-declaration]
  128 |   ajustaTimers();
      |   ^~~~~~~~~~~~
../Core/Src/main.c:129:3: warning: implicit declaration of function 'calculaLut' [-Wimplicit-function-declaration]
  129 |   calculaLut();
      |   ^~~~~~~~~~
../Core/Src/main.c: At top level:
../Core/Src/main.c:565:6: warning: conflicting types for 'calculaLut'; have 'void(void)'
  565 | void calculaLut(void){
      |      ^~~~~~~~~~
../Core/Src/main.c:129:3: note: previous implicit declaration of 'calculaLut' with type 'void(void)'
  129 |   calculaLut();
      |   ^~~~~~~~~~
../Core/Src/main.c:575:6: warning: conflicting types for 'ajustaTimers'; have 'void(void)'
  575 | void ajustaTimers(void){
      |      ^~~~~~~~~~~~
../Core/Src/main.c:128:3: note: previous implicit declaration of 'ajustaTimers' with type 'void(void)'
  128 |   ajustaTimers();
      |   ^~~~~~~~~~~~
arm-none-eabi-gcc -o "PruebaTFG.elf" @"objects.list"   -mcpu=cortex-m4 -T"C:\Users\salva\Desktop\GitTFG\workspace\PruebaTFG\STM32G474RETX_FLASH.ld" --specs=nosys.specs -Wl,-Map="PruebaTFG.map" -Wl,--gc-sections -static --specs=nano.specs -mfpu=fpv4-sp-d16 -mfloat-abi=hard -mthumb -Wl,--start-group -lc -lm -Wl,--end-group
Finished building target: PruebaTFG.elf
 
arm-none-eabi-size   PruebaTFG.elf 
arm-none-eabi-objdump -h -S  PruebaTFG.elf  > "PruebaTFG.list"
   text	   data	    bss	    dec	    hex	filename
  29072	     32	  10544	  39648	   9ae0	PruebaTFG.elf
Finished building: default.size.stdout
 
Finished building: PruebaTFG.list
 
14:51:17 **** Incremental Build of configuration Debug for project PruebaTFG ****
make -j12 all 
arm-none-eabi-gcc "../Core/Src/main.c" -mcpu=cortex-m4 -std=gnu11 -g3 -DDEBUG -DUSE_HAL_DRIVER -DSTM32G474xx -c -I../Core/Inc -I../Drivers/STM32G4xx_HAL_Driver/Inc -I../Drivers/STM32G4xx_HAL_Driver/Inc/Legacy -I../Drivers/CMSIS/Device/ST/STM32G4xx/Include -I../Drivers/CMSIS/Include -O0 -ffunction-sections -fdata-sections -Wall -fstack-usage -fcyclomatic-complexity -MMD -MP -MF"Core/Src/main.d" -MT"Core/Src/main.o" --specs=nano.specs -mfpu=fpv4-sp-d16 -mfloat-abi=hard -mthumb -o "Core/Src/main.o"
../Core/Src/main.c: In function 'main':
../Core/Src/main.c:128:3: warning: implicit declaration of function 'ajustaTimers' [-Wimplicit-function-declaration]
  128 |   ajustaTimers();
      |   ^~~~~~~~~~~~
../Core/Src/main.c:129:3: warning: implicit declaration of function 'calculaLut' [-Wimplicit-function-declaration]
  129 |   calculaLut();
      |   ^~~~~~~~~~
../Core/Src/main.c: At top level:
../Core/Src/main.c:565:6: warning: conflicting types for 'calculaLut'; have 'void(void)'
  565 | void calculaLut(void){
      |      ^~~~~~~~~~
../Core/Src/main.c:129:3: note: previous implicit declaration of 'calculaLut' with type 'void(void)'
  129 |   calculaLut();
      |   ^~~~~~~~~~
../Core/Src/main.c:575:6: warning: conflicting types for 'ajustaTimers'; have 'void(void)'
  575 | void ajustaTimers(void){
      |      ^~~~~~~~~~~~
../Core/Src/main.c:128:3: note: previous implicit declaration of 'ajustaTimers' with type 'void(void)'
  128 |   ajustaTimers();
      |   ^~~~~~~~~~~~
arm-none-eabi-gcc -o "PruebaTFG.elf" @"objects.list"   -mcpu=cortex-m4 -T"C:\Users\salva\Desktop\GitTFG\workspace\PruebaTFG\STM32G474RETX_FLASH.ld" --specs=nosys.specs -Wl,-Map="PruebaTFG.map" -Wl,--gc-sections -static --specs=nano.specs -mfpu=fpv4-sp-d16 -mfloat-abi=hard -mthumb -Wl,--start-group -lc -lm -Wl,--end-group
Finished building target: PruebaTFG.elf
 
arm-none-eabi-size   PruebaTFG.elf 
arm-none-eabi-objdump -h -S  PruebaTFG.elf  > "PruebaTFG.list"
   text	   data	    bss	    dec	    hex	filename
  29072	     32	  10544	  39648	   9ae0	PruebaTFG.elf
Finished building: default.size.stdout
 
Finished building: PruebaTFG.list
 
14:53:03 **** Incremental Build of configuration Debug for project PruebaTFG ****
make -j12 all 
arm-none-eabi-gcc "../Core/Src/main.c" -mcpu=cortex-m4 -std=gnu11 -g3 -DDEBUG -DUSE_HAL_DRIVER -DSTM32G474xx -c -I../Core/Inc -I../Drivers/STM32G4xx_HAL_Driver/Inc -I../Drivers/STM32G4xx_HAL_Driver/Inc/Legacy -I../Drivers/CMSIS/Device/ST/STM32G4xx/Include -I../Drivers/CMSIS/Include -O0 -ffunction-sections -fdata-sections -Wall -fstack-usage -fcyclomatic-complexity -MMD -MP -MF"Core/Src/main.d" -MT"Core/Src/main.o" --specs=nano.specs -mfpu=fpv4-sp-d16 -mfloat-abi=hard -mthumb -o "Core/Src/main.o"
../Core/Src/main.c: In function 'main':
../Core/Src/main.c:128:3: warning: implicit declaration of function 'ajustaTimers' [-Wimplicit-function-declaration]
  128 |   ajustaTimers();
      |   ^~~~~~~~~~~~
../Core/Src/main.c:129:3: warning: implicit declaration of function 'calculaLut' [-Wimplicit-function-declaration]
  129 |   calculaLut();
      |   ^~~~~~~~~~
../Core/Src/main.c: At top level:
../Core/Src/main.c:565:6: warning: conflicting types for 'calculaLut'; have 'void(void)'
  565 | void calculaLut(void){
      |      ^~~~~~~~~~
../Core/Src/main.c:129:3: note: previous implicit declaration of 'calculaLut' with type 'void(void)'
  129 |   calculaLut();
      |   ^~~~~~~~~~
../Core/Src/main.c:575:6: warning: conflicting types for 'ajustaTimers'; have 'void(void)'
  575 | void ajustaTimers(void){
      |      ^~~~~~~~~~~~
../Core/Src/main.c:128:3: note: previous implicit declaration of 'ajustaTimers' with type 'void(void)'
  128 |   ajustaTimers();
      |   ^~~~~~~~~~~~
arm-none-eabi-gcc -o "PruebaTFG.elf" @"objects.list"   -mcpu=cortex-m4 -T"C:\Users\salva\Desktop\GitTFG\workspace\PruebaTFG\STM32G474RETX_FLASH.ld" --specs=nosys.specs -Wl,-Map="PruebaTFG.map" -Wl,--gc-sections -static --specs=nano.specs -mfpu=fpv4-sp-d16 -mfloat-abi=hard -mthumb -Wl,--start-group -lc -lm -Wl,--end-group
Finished building target: PruebaTFG.elf
 
arm-none-eabi-size   PruebaTFG.elf 
arm-none-eabi-objdump -h -S  PruebaTFG.elf  > "PruebaTFG.list"
   text	   data	    bss	    dec	    hex	filename
  29072	     32	  10544	  39648	   9ae0	PruebaTFG.elf
Finished building: default.size.stdout
 
Finished building: PruebaTFG.list
 
