19:08:52 **** Build of configuration Debug for project PruebaTFG ****
make -j12 all 
arm-none-eabi-gcc "../Core/Src/main.c" -mcpu=cortex-m4 -std=gnu11 -g3 -DDEBUG -DUSE_HAL_DRIVER -DSTM32G474xx -c -I../Core/Inc -I../Drivers/STM32G4xx_HAL_Driver/Inc -I../Drivers/STM32G4xx_HAL_Driver/Inc/Legacy -I../Drivers/CMSIS/Device/ST/STM32G4xx/Include -I../Drivers/CMSIS/Include -O0 -ffunction-sections -fdata-sections -Wall -fstack-usage -fcyclomatic-complexity -MMD -MP -MF"Core/Src/main.d" -MT"Core/Src/main.o" --specs=nano.specs -mfpu=fpv4-sp-d16 -mfloat-abi=hard -mthumb -o "Core/Src/main.o"
arm-none-eabi-gcc "../Core/Src/stm32g4xx_hal_msp.c" -mcpu=cortex-m4 -std=gnu11 -g3 -DDEBUG -DUSE_HAL_DRIVER -DSTM32G474xx -c -I../Core/Inc -I../Drivers/STM32G4xx_HAL_Driver/Inc -I../Drivers/STM32G4xx_HAL_Driver/Inc/Legacy -I../Drivers/CMSIS/Device/ST/STM32G4xx/Include -I../Drivers/CMSIS/Include -O0 -ffunction-sections -fdata-sections -Wall -fstack-usage -fcyclomatic-complexity -MMD -MP -MF"Core/Src/stm32g4xx_hal_msp.d" -MT"Core/Src/stm32g4xx_hal_msp.o" --specs=nano.specs -mfpu=fpv4-sp-d16 -mfloat-abi=hard -mthumb -o "Core/Src/stm32g4xx_hal_msp.o"
../Core/Src/main.c: In function 'main':
../Core/Src/main.c:139:3: warning: implicit declaration of function 'printf' [-Wimplicit-function-declaration]
  139 |   printf("Hello World %i\n", 12);
      |   ^~~~~~
../Core/Src/main.c:25:1: note: include '<stdio.h>' or provide a declaration of 'printf'
   24 | #include "math.h"
  +++ |+#include <stdio.h>
   25 | /* USER CODE END Includes */
../Core/Src/main.c:139:3: warning: incompatible implicit declaration of built-in function 'printf' [-Wbuiltin-declaration-mismatch]
  139 |   printf("Hello World %i\n", 12);
      |   ^~~~~~
../Core/Src/main.c:139:3: note: include '<stdio.h>' or provide a declaration of 'printf'
../Core/Src/main.c:143:3: warning: implicit declaration of function 'ajustaTimers' [-Wimplicit-function-declaration]
  143 |   ajustaTimers();
      |   ^~~~~~~~~~~~
../Core/Src/main.c:144:3: warning: implicit declaration of function 'calculaLut' [-Wimplicit-function-declaration]
  144 |   calculaLut();
      |   ^~~~~~~~~~
../Core/Src/main.c:190:26: warning: format '%d' expects argument of type 'int', but argument 2 has type 'uint32_t' {aka 'long unsigned int'} [-Wformat=]
  190 |                 printf("%d,",adc1_buffer[j]);
      |                         ~^   ~~~~~~~~~~~~~~
      |                          |              |
      |                          int            uint32_t {aka long unsigned int}
      |                         %ld
../Core/Src/main.c:196:26: warning: format '%d' expects argument of type 'int', but argument 2 has type 'uint32_t' {aka 'long unsigned int'} [-Wformat=]
  196 |                 printf("%d,",adc2_buffer[j]);
      |                         ~^   ~~~~~~~~~~~~~~
      |                          |              |
      |                          int            uint32_t {aka long unsigned int}
      |                         %ld
../Core/Src/main.c: At top level:
../Core/Src/main.c:707:6: warning: conflicting types for 'calculaLut'; have 'void()'
  707 | void calculaLut(){
      |      ^~~~~~~~~~
../Core/Src/main.c:144:3: note: previous implicit declaration of 'calculaLut' with type 'void()'
  144 |   calculaLut();
      |   ^~~~~~~~~~
../Core/Src/main.c:718:6: warning: conflicting types for 'ajustaTimers'; have 'void()'
  718 | void ajustaTimers(){
      |      ^~~~~~~~~~~~
../Core/Src/main.c:143:3: note: previous implicit declaration of 'ajustaTimers' with type 'void()'
  143 |   ajustaTimers();
      |   ^~~~~~~~~~~~
arm-none-eabi-gcc -o "PruebaTFG.elf" @"objects.list"   -mcpu=cortex-m4 -T"C:\Users\salva\Desktop\GitTFG\workspace\PruebaTFG\STM32G474RETX_FLASH.ld" --specs=nosys.specs -Wl,-Map="PruebaTFG.map" -Wl,--gc-sections -static --specs=nano.specs -mfpu=fpv4-sp-d16 -mfloat-abi=hard -mthumb -Wl,--start-group -lc -lm -Wl,--end-group
Finished building target: PruebaTFG.elf
 
arm-none-eabi-size   PruebaTFG.elf 
arm-none-eabi-objdump -h -S  PruebaTFG.elf  > "PruebaTFG.list"
   text	   data	    bss	    dec	    hex	filename
  38368	    124	   5580	  44072	   ac28	PruebaTFG.elf
Finished building: default.size.stdout
 
Finished building: PruebaTFG.list
 

19:08:54 Build Finished. 0 errors, 8 warnings. (took 2s.57ms)

