../Core/Src/main.c:86:5:main	16	static
../Core/Src/main.c:145:6:SystemClock_Config	88	static
../Core/Src/main.c:192:13:MX_ADC1_Init	56	static
../Core/Src/main.c:260:13:MX_DAC3_Init	56	static
../Core/Src/main.c:307:13:MX_OPAMP6_Init	8	static
../Core/Src/main.c:339:13:MX_TIM2_Init	40	static
../Core/Src/main.c:384:13:MX_TIM3_Init	40	static
../Core/Src/main.c:427:13:MX_DMA_Init	16	static
../Core/Src/main.c:449:13:MX_GPIO_Init	16	static
../Core/Src/main.c:470:6:Error_Handler	4	static,ignoring_inline_asm
